12 (3, 3, 3) tested 228 best (np.float64(2.926429047274418), ((0, 1, 3), (0, 2, 6), (1, 4, 8)))
12 (3, 3, 4) tested 317 best (np.float64(2.9505971485912204), ((0, 1, 3), (0, 1, 3, 7), (1, 3, 7)))
12 (2, 4, 4) tested 347 best (np.float64(2.926784612599981), ((0, 1, 3, 6), (0, 1, 7, 10), (3, 7)))
12 (3, 4, 4) tested 138 best (np.float64(2.9786425862119943), ((0, 1, 3, 7), (0, 1, 3, 7), (1, 3, 7)))
12 (3, 3, 5) tested 137 best (np.float64(2.919012521914209), ((0, 1, 3, 6, 7), (0, 1, 7), (1, 3, 7)))
12 (2, 3, 6) tested 185 best (np.float64(2.886923616479142), ((0, 1, 2, 4, 7, 8), (0, 1, 7), (2, 6)))
12 (2, 4, 5) tested 215 best (np.float64(2.8917230800856175), ((0, 1, 2, 4, 7), (0, 1, 3, 6), (1, 3)))
12 (4, 4, 4) tested 48 best (np.float64(2.9384916228857856), ((0, 1, 3, 6), (0, 1, 3, 6), (1, 2, 4, 7)))
12 (3, 4, 5) tested 45 best (np.float64(2.800564671839869), ((0, 1, 2, 3, 5), (0, 1, 2, 4), (1, 2, 4)))
12 (3, 3, 6) tested 50 best (np.float64(2.8730048465512894), ((0, 1, 2, 4, 8, 9), (0, 1, 8), (1, 5, 6)))
12 (2, 5, 5) tested 37 best (np.float64(2.8653240595195815), ((0, 1), (0, 1, 2, 3, 7), (1, 2, 3, 6, 7)))
13 (3, 3, 3) tested 146 best (np.float64(2.9325643519748916), ((0, 1, 3), (0, 1, 6), (1, 5, 8)))
HIT 13 ((0, 1, 3, 9), (0, 1, 10), (1, 6, 8)) 3.0000000016136394
13 (3, 3, 4) tested 281 best (np.float64(3.0000000016136394), ((0, 1, 3, 9), (0, 1, 10), (1, 6, 8)))
13 (2, 4, 4) tested 275 best (np.float64(2.8795230603615902), ((0, 1), (0, 1, 5, 8), (1, 3, 6, 9)))
HIT 13 ((0, 1, 3, 9), (0, 1, 4), (1, 2, 5, 7)) 3.0000000075366886
HIT 13 ((0, 1, 2, 4), (0, 1, 3, 9), (1, 5, 7)) 3.000000006134577
HIT 13 ((0, 1, 3, 9), (0, 1, 3, 9), (2, 5, 6)) 3.0000000020480493
13 (3, 4, 4) tested 120 best (np.float64(3.0000000075366886), ((0, 1, 3, 9), (0, 1, 4), (1, 2, 5, 7)))
13 (3, 3, 5) tested 129 best (np.float64(2.987508579406929), ((0, 1, 2, 4, 10), (0, 1, 4), (1, 4, 6)))
13 (2, 3, 6) tested 216 best (np.float64(2.8610462251594324), ((0, 1), (0, 1, 2, 4, 5, 8), (1, 3, 6)))
13 (2, 4, 5) tested 254 best (np.float64(2.9071473543695436), ((0, 1), (0, 1, 2, 5, 8), (1, 3, 6, 9)))
13 (4, 4, 4) tested 20 best (np.float64(2.899460834594369), ((0, 1, 2, 6), (0, 1, 2, 6), (2, 3, 4, 8)))
13 (3, 4, 5) tested 53 best (np.float64(2.988757453921793), ((0, 1, 2, 4, 10), (0, 1, 3), (1, 4, 5, 7)))
13 (3, 3, 6) tested 42 best (np.float64(2.916940862223851), ((0, 1, 2, 3, 4, 7), (0, 1, 4), (1, 3, 4)))
13 (2, 5, 5) tested 46 best (np.float64(2.925363161502478), ((0, 1), (0, 1, 2, 5, 8), (1, 2, 3, 6, 9)))
14 (3, 3, 3) tested 668 best (np.float64(2.9340022958318404), ((0, 1, 4), (0, 2, 9), (3, 7, 9)))
HIT 14 ((0, 1, 2, 7), (0, 2, 10), (1, 6, 9)) 3.000000007806057
14 (3, 3, 4) tested 1650 best (np.float64(3.000000007806057), ((0, 1, 2, 7), (0, 2, 10), (1, 6, 9)))
14 (2, 4, 4) tested 1619 best (np.float64(2.926946880249466), ((0, 1), (0, 2, 5, 9), (1, 3, 7, 10)))
HIT 14 ((0, 1, 3, 8), (0, 1, 4), (1, 3, 4, 8)) 3.0000000937117806
HIT 14 ((0, 1, 3, 7), (0, 1, 7, 12), (3, 5, 8)) 3.0000000620215093
HIT 14 ((0, 1, 2, 7), (0, 1, 7, 12), (4, 8, 10)) 3.0000000157274638
HIT 14 ((0, 1, 2, 5), (0, 1, 3, 10), (1, 5, 7)) 3.0000000042439727
HIT 14 ((0, 1, 2, 7), (0, 1, 5, 7), (1, 4, 10)) 3.000000001373798
14 (3, 4, 4) tested 1010 best (np.float64(3.0000000937117806), ((0, 1, 3, 8), (0, 1, 4), (1, 3, 4, 8)))
HIT 14 ((0, 1, 2, 6, 9), (0, 2, 6), (1, 4, 9)) 3.000000108426058
HIT 14 ((0, 1, 3, 4, 8), (0, 1, 4), (1, 3, 8)) 3.0000000665753133
HIT 14 ((0, 1, 2, 4, 7), (0, 2, 10), (1, 6, 9)) 3.0000000244214595
HIT 14 ((0, 1, 2, 6, 9), (0, 1, 9), (2, 6, 9)) 3.0000000092138
14 (3, 3, 5) tested 1065 best (np.float64(3.000000108426058), ((0, 1, 2, 6, 9), (0, 2, 6), (1, 4, 9)))
