9 (1, 1, 1) tested 2 best (np.float64(2.0641777747925776), ((0,), (0,), (3,)))
9 (1, 1, 2) tested 6 best (np.float64(2.366025438845579), ((0,), (0,), (3, 6)))
9 (1, 1, 3) tested 10 best (np.float64(2.3900870712616236), ((0,), (0,), (1, 3, 4)))
9 (1, 1, 4) tested 14 best (np.float64(2.490984801909658), ((0,), (0,), (1, 3, 4, 7)))
9 (1, 1, 5) tested 10 best (np.float64(2.5246950785365954), ((0,), (0,), (1, 3, 4, 6, 7)))
9 (1, 1, 6) tested 6 best (np.float64(2.5349166385909108), ((0,), (0,), (1, 2, 3, 4, 6, 7)))
9 (1, 1, 7) tested 2 best (np.float64(2.5478013257134773), ((0,), (0,), (1, 2, 3, 4, 5, 7, 8)))
9 (1, 1, 8) tested 1 best (np.float64(2.560660181518393), ((0,), (0,), (1, 2, 3, 4, 5, 6, 7, 8)))
9 (1, 2, 2) tested 10 best (np.float64(2.3763902838619915), ((0,), (0, 1), (2, 5)))
9 (1, 2, 3) tested 26 best (np.float64(2.5783721123865577), ((0,), (0, 1), (1, 3, 7)))
9 (1, 2, 4) tested 26 best (np.float64(2.618437490107367), ((0,), (0, 1), (1, 3, 5, 7)))
9 (1, 2, 5) tested 16 best (np.float64(2.6358239600038185), ((0,), (0, 1, 2, 3, 5), (2, 5)))
9 (1, 2, 6) tested 6 best (np.float64(2.6417791179527135), ((0,), (0, 1, 2, 3, 4, 6), (1, 4)))
9 (1, 2, 7) tested 2 best (np.float64(2.6509714512868214), ((0,), (0, 1, 2, 3, 4, 6, 7), (1, 4)))
9 (1, 3, 3) tested 19 best (np.float64(2.649002153292467), ((0,), (0, 1, 3), (2, 5, 7)))
9 (1, 3, 4) tested 26 best (np.float64(2.703437466720178), ((0,), (0, 1, 2, 4), (1, 3, 6)))
9 (1, 3, 5) tested 10 best (np.float64(2.7218226032769786), ((0,), (0, 1, 2, 3, 5), (1, 2, 5)))
9 (1, 3, 6) tested 3 best (np.float64(2.7219257593494293), ((0,), (0, 1, 2, 3, 4, 6), (1, 2, 4)))
9 (1, 4, 4) tested 9 best (np.float64(2.732281918310983), ((0,), (0, 1, 2, 4), (1, 2, 3, 6)))
9 (1, 4, 5) tested 4 best (np.float64(2.7544073731829704), ((0,), (0, 1, 2, 3, 5), (1, 2, 3, 5)))
9 (2, 2, 2) tested 14 best (np.float64(2.5374686191340925), ((0, 1), (0, 2), (1, 5)))
9 (2, 2, 3) tested 26 best (np.float64(2.683453460113323), ((0, 1), (0, 2, 5), (2, 5)))
9 (2, 2, 4) tested 18 best (np.float64(2.70732315139024), ((0, 1), (0, 1, 2, 5), (2, 5)))
9 (2, 2, 5) tested 6 best (np.float64(2.7153768776501286), ((0, 1), (0, 1, 2, 3, 6), (1, 4)))
9 (2, 2, 6) tested 2 best (np.float64(2.6218626309170676), ((0, 1), (0, 1), (1, 2, 3, 4, 5, 6)))
9 (2, 3, 3) tested 18 best (np.float64(2.7733678858726156), ((0, 1), (0, 1, 4), (1, 3, 6)))
9 (2, 3, 4) tested 9 best (np.float64(2.7736897355311214), ((0, 1), (0, 1, 2, 5), (1, 2, 5)))
9 (2, 3, 5) tested 2 best (np.float64(2.645845089124864), ((0, 1), (0, 1, 2), (1, 2, 3, 4, 5)))
9 (2, 4, 4) tested 2 best (np.float64(2.748587119425836), ((0, 1, 3, 6), (0, 1, 3, 6), (1, 4)))
9 (3, 3, 3) tested 5 best (np.float64(2.6833167079035327), ((0, 1, 3), (0, 1, 3), (1, 2, 4)))
9 (3, 3, 4) tested 3 best (np.float64(2.5305051261382885), ((0, 1, 2), (0, 1, 2), (1, 2, 3, 4)))
10 (1, 1, 1) tested 3 best (np.float64(2.0223406137448614), ((0,), (0,), (2,)))
10 (1, 1, 2) tested 10 best (np.float64(2.2360680054500683), ((0,), (0,), (1, 2)))
10 (1, 1, 3) tested 22 best (np.float64(2.4574271625640245), ((0,), (0,), (1, 5, 6)))
10 (1, 1, 4) tested 34 best (np.float64(2.5000000092022434), ((0,), (0,), (2, 4, 6, 8)))
10 (1, 1, 5) tested 34 best (np.float64(2.5202494026500286), ((0,), (0,), (1, 3, 4, 5, 8)))
10 (1, 1, 6) tested 22 best (np.float64(2.5357867979039765), ((0,), (0,), (1, 2, 5, 6, 7, 9)))
10 (1, 1, 7) tested 10 best (np.float64(2.547222702204354), ((0,), (0,), (1, 2, 3, 4, 5, 8, 9)))
10 (1, 1, 8) tested 3 best (np.float64(2.555548136369634), ((0,), (0,), (1, 2, 3, 4, 5, 6, 7, 9)))
10 (1, 1, 9) tested 1 best (np.float64(2.567187408140387), ((0,), (0,), (1, 2, 3, 4, 5, 6, 7, 8, 9)))
10 (1, 2, 2) tested 24 best (np.float64(2.500000028403118), ((0,), (0, 2), (2, 6)))
10 (1, 2, 3) tested 66 best (np.float64(2.521021172197991), ((0,), (0, 2), (2, 4, 6)))
10 (1, 2, 4) tested 88 best (np.float64(2.599253756115507), ((0,), (0, 1), (1, 3, 5, 8)))
10 (1, 2, 5) tested 66 best (np.float64(2.6303386599692278), ((0,), (0, 1, 2, 3, 5), (2, 6)))
10 (1, 2, 6) tested 37 best (np.float64(2.638453421601289), ((0,), (0, 1, 2, 3, 5, 6), (2, 6)))
10 (1, 2, 7) tested 10 best (np.float64(2.6423003431097474), ((0,), (0, 1, 2, 3, 5, 6, 7), (2, 6)))
10 (1, 2, 8) tested 3 best (np.float64(2.647023821045135), ((0,), (0, 1, 2, 3, 4, 5, 6, 8), (1, 3)))
10 (1, 3, 3) tested 63 best (np.float64(2.6572197170365497), ((0,), (0, 1, 3), (2, 3, 8)))
10 (1, 3, 4) tested 108 best (np.float64(2.7045803667068116), ((0,), (0, 1, 3), (2, 3, 6, 8)))
10 (1, 3, 5) tested 66 best (np.float64(2.7237581584647192), ((0,), (0, 1, 2, 5, 7), (1, 2, 4)))
10 (1, 3, 6) tested 22 best (np.float64(2.728444333607282), ((0,), (0, 1, 2, 3, 5, 7), (1, 2, 4)))
10 (1, 3, 7) tested 4 best (np.float64(2.7285106066080917), ((0,), (0, 1, 2, 3, 4, 5, 7), (1, 2, 4)))
10 (1, 4, 4) tested 52 best (np.float64(2.7428463378938375), ((0,), (0, 1, 2, 4), (1, 2, 4, 7)))
10 (1, 4, 5) tested 34 best (np.float64(2.7642590082109963), ((0,), (0, 1, 2, 3, 6), (1, 3, 5, 6)))
10 (1, 4, 6) tested 9 best (np.float64(2.766004144261502), ((0,), (0, 1, 2, 3, 5, 7), (1, 2, 4, 6)))
10 (1, 5, 5) tested 8 best (np.float64(2.7870429933582788), ((0,), (0, 1, 2, 3, 6), (1, 2, 3, 5, 6)))
10 (2, 2, 2) tested 36 best (np.float64(2.502503754756379), ((0, 1), (0, 2), (1, 5)))
10 (2, 2, 3) tested 89 best (np.float64(2.674912609060735), ((0, 1), (0, 2, 5), (2, 6)))
10 (2, 2, 4) tested 90 best (np.float64(2.7273012373523926), ((0, 1), (0, 1, 2, 5), (3, 6)))
10 (2, 2, 5) tested 46 best (np.float64(2.740979846484346), ((0, 1), (0, 1, 2, 3, 6), (2, 5)))
10 (2, 2, 6) tested 19 best (np.float64(2.7500907103006798), ((0, 1), (0, 1, 2, 3, 4, 7), (1, 4)))
10 (2, 2, 7) tested 3 best (np.float64(2.629124624053261), ((0, 1), (0, 1), (1, 2, 3, 4, 5, 6, 7)))
10 (2, 3, 3) tested 75 best (np.float64(2.7833335777449886), ((0, 1), (0, 1, 4), (2, 4, 7)))
10 (2, 3, 4) tested 68 best (np.float64(2.8175137579900724), ((0, 1), (0, 1, 2, 5), (1, 3, 6)))
10 (2, 3, 5) tested 17 best (np.float64(2.788850306504882), ((0, 1), (0, 1, 2, 3, 6), (1, 2, 5)))
10 (2, 3, 6) tested 3 best (np.float64(2.7092369161114815), ((0, 1, 2, 4, 6, 8), (0, 2), (1, 3, 5)))
10 (2, 4, 4) tested 21 best (np.float64(2.8284722531416993), ((0, 1), (0, 1, 2, 5), (1, 2, 3, 6)))
10 (2, 4, 5) tested 4 best (np.float64(2.6124188227719305), ((0, 1), (0, 1, 2, 3), (1, 2, 3, 4, 5)))
10 (3, 3, 3) tested 27 best (np.float64(2.7457178518741774), ((0, 1, 3), (0, 1, 3), (1, 3, 5)))
10 (3, 3, 4) tested 16 best (np.float64(2.7680514786852486), ((0, 1, 2, 4), (0, 1, 3), (1, 2, 4)))
10 (3, 3, 5) tested 4 best (np.float64(2.73640688154992), ((0, 1, 2, 5, 6), (0, 1, 5), (1, 2, 6)))
10 (3, 4, 4) tested 5 best (np.float64(2.5036695390382127), ((0, 1, 2), (0, 1, 2, 3), (1, 2, 3, 4)))
11 (1, 1, 1) tested 1 best (np.float64(2.0045486761975404), ((0,), (0,), (1,)))
11 (1, 1, 2) tested 5 best (np.float64(2.2431573067675514), ((0,), (0,), (1, 2)))
11 (1, 1, 3) tested 12 best (np.float64(2.3798783977173965), ((0,), (0,), (1, 2, 10)))
11 (1, 1, 4) tested 22 best (np.float64(2.472374384667729), ((0,), (0,), (1, 2, 3, 6)))
11 (1, 1, 5) tested 26 best (np.float64(2.5246950783948416), ((0,), (0,), (1, 3, 4, 5, 9)))
11 (1, 1, 6) tested 22 best (np.float64(2.533408209869223), ((0,), (0,), (1, 2, 3, 4, 5, 9)))
11 (1, 1, 7) tested 12 best (np.float64(2.549365710627723), ((0,), (0,), (1, 2, 3, 4, 5, 7, 9)))
11 (1, 1, 8) tested 5 best (np.float64(2.5562320596286194), ((0,), (0,), (1, 2, 3, 4, 5, 6, 9, 10)))
11 (1, 1, 9) tested 1 best (np.float64(2.5629210930449497), ((0,), (0,), (1, 2, 3, 4, 5, 6, 7, 8, 9)))
11 (1, 1, 10) tested 1 best (np.float64(2.5723805602237135), ((0,), (0,), (1, 2, 3, 4, 5, 6, 7, 8, 9, 10)))
11 (1, 2, 2) tested 12 best (np.float64(2.364419594021914), ((0,), (0, 1), (1, 3)))
11 (1, 2, 3) tested 44 best (np.float64(2.5427844855300155), ((0,), (0, 1), (1, 5, 7)))
11 (1, 2, 4) tested 66 best (np.float64(2.618509769493792), ((0,), (0, 1), (1, 3, 5, 9)))
11 (1, 2, 5) tested 66 best (np.float64(2.639888828476066), ((0,), (0, 1), (1, 3, 5, 7, 9)))
11 (1, 2, 6) tested 44 best (np.float64(2.6440313939793385), ((0,), (0, 1), (1, 3, 4, 5, 7, 9)))
11 (1, 2, 7) tested 20 best (np.float64(2.6487721312523766), ((0,), (0, 1), (1, 2, 3, 5, 6, 7, 9)))
11 (1, 2, 8) tested 5 best (np.float64(2.648910986716408), ((0,), (0, 1), (1, 2, 3, 4, 5, 7, 8, 9)))
11 (1, 2, 9) tested 1 best (np.float64(2.6490993278893615), ((0,), (0, 1), (1, 2, 3, 4, 5, 6, 7, 8, 9)))
11 (1, 3, 3) tested 46 best (np.float64(2.6537729073116254), ((0,), (0, 1, 3), (2, 3, 9)))
11 (1, 3, 4) tested 108 best (np.float64(2.6983639319862185), ((0,), (0, 1, 2, 5), (3, 5, 8)))
11 (1, 3, 5) tested 84 best (np.float64(2.7261304697700766), ((0,), (0, 1, 2, 3, 7), (1, 3, 6)))
11 (1, 3, 6) tested 44 best (np.float64(2.7376884022747308), ((0,), (0, 1, 2, 3, 4, 6), (1, 2, 6)))
11 (1, 3, 7) tested 12 best (np.float64(2.740427403148024), ((0,), (0, 1, 2, 3, 4, 6, 7), (1, 3, 6)))
11 (1, 3, 8) tested 2 best (np.float64(2.742149308957484), ((0,), (0, 1, 2, 3, 4, 5, 6, 8), (1, 2, 4)))
11 (1, 4, 4) tested 58 best (np.float64(2.743819874872367), ((0,), (0, 1, 2, 5), (1, 2, 5, 7)))
11 (1, 4, 5) tested 66 best (np.float64(2.7668247411823264), ((0,), (0, 1, 2, 4, 7), (1, 2, 3, 6)))
11 (1, 4, 6) tested 22 best (np.float64(2.782580394649261), ((0,), (0, 1, 2, 3, 4, 7), (1, 3, 5, 6)))
11 (1, 4, 7) tested 4 best (np.float64(2.7915449450660406), ((0,), (0, 1, 2, 3, 4, 6, 7), (1, 2, 3, 6)))
11 (1, 5, 5) tested 15 best (np.float64(2.800000011941229), ((0,), (0, 1, 2, 4, 7), (1, 2, 3, 5, 8)))
11 (1, 5, 6) tested 6 best (np.float64(2.816728189509129), ((0,), (0, 1, 2, 4, 5, 7), (1, 2, 3, 5, 8)))
11 (2, 2, 2) tested 20 best (np.float64(2.473182441657839), ((0, 1), (0, 2), (1, 5)))
11 (2, 2, 3) tested 66 best (np.float64(2.700329599368364), ((0, 1), (0, 2, 5), (3, 7)))
11 (2, 2, 4) tested 76 best (np.float64(2.7192052207377486), ((0, 1), (0, 1, 2, 6), (3, 6)))
11 (2, 2, 5) tested 52 best (np.float64(2.727717213087658), ((0, 1), (0, 1, 2, 3, 7), (2, 5)))
11 (2, 2, 6) tested 24 best (np.float64(2.7305353426168226), ((0, 1), (0, 1, 2, 3, 4, 7), (2, 5)))
11 (2, 2, 7) tested 6 best (np.float64(2.730583657802288), ((0, 1), (0, 1, 2, 3, 4, 5, 8), (1, 4)))
11 (2, 2, 8) tested 1 best (np.float64(2.655677404216423), ((0, 1), (0, 1), (1, 2, 3, 4, 5, 6, 7, 8)))
11 (2, 3, 3) tested 74 best (np.float64(2.805201212098394), ((0, 1), (0, 2, 5), (1, 3, 7)))
11 (2, 3, 4) tested 92 best (np.float64(2.833881894324529), ((0, 1), (0, 1, 3, 8), (1, 4, 6)))
11 (2, 3, 5) tested 38 best (np.float64(2.8359676232027824), ((0, 1), (0, 1, 2, 3, 6), (1, 3, 6)))
11 (2, 3, 6) tested 8 best (np.float64(2.8127849521421506), ((0, 1), (0, 1, 2, 3, 4, 7), (1, 2, 5)))
11 (2, 3, 7) tested 1 best (np.float64(2.6674540851528716), ((0, 1), (0, 1, 2), (1, 2, 3, 4, 5, 6, 7)))
11 (2, 4, 4) tested 26 best (np.float64(2.8473294187941893), ((0, 1), (0, 1, 2, 5), (1, 3, 4, 7)))
11 (2, 4, 5) tested 9 best (np.float64(2.8474944951252477), ((0, 1), (0, 1, 2, 3, 6), (1, 2, 3, 6)))
11 (2, 4, 6) tested 1 best (np.float64(2.6802192624895014), ((0, 1), (0, 1, 2, 3), (1, 2, 3, 4, 5, 6)))
11 (2, 5, 5) tested 1 best (np.float64(2.585035041730251), ((0, 1), (0, 1, 2, 3, 4), (1, 2, 3, 4, 5)))
11 (3, 3, 3) tested 26 best (np.float64(2.9037765427737154), ((0, 1, 3), (0, 1, 7), (2, 5, 6)))
11 (3, 3, 4) tested 25 best (np.float64(2.9310490937254956), ((0, 1, 2, 5), (0, 1, 4), (1, 3, 4)))
11 (3, 3, 5) tested 5 best (np.float64(2.8380152523538014), ((0, 1, 2, 3, 5), (0, 1, 3), (1, 2, 4)))
11 (3, 3, 6) tested 1 best (np.float64(2.6219678049419013), ((0, 1, 2), (0, 1, 2), (1, 2, 3, 4, 5, 6)))
11 (3, 4, 4) tested 5 best (np.float64(2.7504253726750396), ((0, 1, 2, 4), (0, 1, 2, 4), (1, 2, 4)))
11 (3, 4, 5) tested 1 best (np.float64(2.597758852778457), ((0, 1, 2), (0, 1, 2, 3), (1, 2, 3, 4, 5)))
11 (4, 4, 4) tested 1 best (np.float64(2.408223813447937), ((0, 1, 2, 3), (0, 1, 2, 3), (1, 2, 3, 4)))
12 (1, 1, 1) tested 5 best (np.float64(2.0641777772747214), ((0,), (0,), (4,)))
12 (1, 1, 2) tested 20 best (np.float64(2.3660254743893185), ((0,), (0,), (4, 8)))
12 (1, 1, 3) tested 52 best (np.float64(2.457427130753528), ((0,), (0,), (3, 6, 9)))
12 (1, 1, 4) tested 99 best (np.float64(2.4909848214516828), ((0,), (0,), (2, 4, 6, 10)))
12 (1, 1, 5) tested 135 best (np.float64(2.5246950804581614), ((0,), (0,), (2, 4, 6, 8, 10)))
12 (1, 1, 6) tested 135 best (np.float64(2.5339093297923405), ((0,), (0,), (1, 3, 6, 7, 8, 10)))
12 (1, 1, 7) tested 99 best (np.float64(2.552208578657951), ((0,), (0,), (1, 3, 4, 6, 7, 9, 10)))
12 (1, 1, 8) tested 52 best (np.float64(2.557416772471458), ((0,), (0,), (1, 2, 3, 4, 5, 6, 10, 11)))
12 (1, 1, 9) tested 20 best (np.float64(2.563886267532494), ((0,), (0,), (1, 2, 3, 5, 6, 7, 8, 9, 11)))
12 (1, 1, 10) tested 5 best (np.float64(2.569779045537634), ((0,), (0,), (1, 2, 3, 4, 5, 6, 7, 9, 10, 11)))
12 (1, 1, 11) tested 1 best (np.float64(2.5766108550490174), ((0,), (0,), (1, 2, 3, 4, 5, 6, 7, 8, 9, 10, 11)))
12 (1, 2, 2) tested 54 best (np.float64(2.40839496265715), ((0,), (0, 2), (2, 6)))
12 (1, 2, 3) tested 191 best (np.float64(2.564884909424598), ((0,), (0, 2, 6), (4, 8)))
12 (1, 2, 4) tested 340 best (np.float64(2.630815868619674), ((0,), (0, 1, 3, 6), (3, 7)))
12 (1, 2, 5) tested 386 best (np.float64(2.6394934544414514), ((0,), (0, 1), (1, 3, 5, 7, 10)))
12 (1, 2, 6) tested 340 best (np.float64(2.656034279341459), ((0,), (0, 1, 2, 3, 5, 6), (4, 8)))
12 (1, 2, 7) tested 191 best (np.float64(2.663913152979714), ((0,), (0, 1, 2, 3, 5, 6, 7), (4, 8)))
12 (1, 2, 8) tested 85 best (np.float64(2.6668969607370734), ((0,), (0, 1, 2, 3, 5, 6, 8, 9), (1, 5)))
12 (1, 2, 9) tested 20 best (np.float64(2.6706642724025724), ((0,), (0, 1, 2, 3, 4, 6, 7, 8, 10), (3, 7)))
12 (1, 2, 10) tested 5 best (np.float64(2.674333538190556), ((0,), (0, 1, 2, 3, 4, 5, 6, 8, 9, 10), (1, 5)))
12 (1, 3, 3) tested 239 best (np.float64(2.6388969308714754), ((0,), (0, 2, 6), (2, 4, 8)))
12 (1, 3, 4) tested 628 best (np.float64(2.694356801624047), ((0,), (0, 1, 2, 6), (3, 5, 8)))
12 (1, 3, 5) tested 628 best (np.float64(2.73057774759713), ((0,), (0, 1, 2, 4, 8), (1, 3, 6)))
12 (1, 3, 6) tested 425 best (np.float64(2.741124012885923), ((0,), (0, 1, 2, 3, 4, 8), (1, 3, 6)))
12 (1, 3, 7) tested 191 best (np.float64(2.749477372750701), ((0,), (0, 1, 2, 3, 4, 7, 8), (1, 3, 6)))
12 (1, 3, 8) tested 52 best (np.float64(2.7500347639351554), ((0,), (0, 1, 2, 3, 4, 5, 7, 8), (1, 3, 6)))
12 (1, 3, 9) tested 9 best (np.float64(2.7501411763226105), ((0,), (0, 1, 2, 3, 4, 5, 6, 7, 9), (1, 2, 4)))
12 (1, 4, 4) tested 439 best (np.float64(2.7426846338530964), ((0,), (0, 1, 2, 5), (1, 3, 6, 9)))
12 (1, 4, 5) tested 628 best (np.float64(2.771141218447693), ((0,), (0, 1, 2, 4, 9), (1, 2, 5, 7)))
12 (1, 4, 6) tested 340 best (np.float64(2.7890398696215), ((0,), (0, 1, 2, 4, 5, 10), (1, 3, 4, 9)))
12 (1, 4, 7) tested 99 best (np.float64(2.7945968780752333), ((0,), (0, 1, 2, 3, 4, 6, 8), (1, 2, 5, 7)))
12 (1, 4, 8) tested 21 best (np.float64(2.8075131285461707), ((0,), (0, 1, 2, 3, 4, 6, 8, 9), (1, 2, 5, 7)))
12 (1, 5, 5) tested 219 best (np.float64(2.7949979402859957), ((0,), (0, 1, 2, 4, 7), (1, 2, 3, 6, 9)))
12 (1, 5, 6) tested 135 best (np.float64(2.8128254154458494), ((0,), (0, 1, 2, 3, 5, 9), (1, 2, 5, 6, 8)))
12 (1, 5, 7) tested 25 best (np.float64(2.8197850679235823), ((0,), (0, 1, 2, 3, 5, 8, 9), (1, 2, 5, 6, 8)))
12 (1, 6, 6) tested 26 best (np.float64(2.8223169305020543), ((0,), (0, 1, 2, 3, 5, 9), (1, 2, 4, 5, 6, 8)))
12 (2, 2, 2) tested 97 best (np.float64(2.5339889295517843), ((0, 1), (0, 3), (1, 6)))
12 (2, 2, 3) tested 353 best (np.float64(2.676463505704031), ((0, 1), (0, 2, 5), (4, 8)))
12 (2, 2, 4) tested 504 best (np.float64(2.7226163672477135), ((0, 1), (0, 1, 3, 6), (3, 7)))
12 (2, 2, 5) tested 433 best (np.float64(2.732863168989407), ((0, 1), (0, 1, 3, 6, 10), (3, 7)))
12 (2, 2, 6) tested 292 best (np.float64(2.750923727239381), ((0, 1), (0, 1, 2, 3, 5, 9), (1, 5)))
12 (2, 2, 7) tested 117 best (np.float64(2.7583057510659534), ((0, 1), (0, 1, 2, 5, 6, 8, 9), (1, 8)))
12 (2, 2, 8) tested 40 best (np.float64(2.7759171501557107), ((0, 1), (0, 1, 2, 3, 4, 7, 8, 9), (1, 6)))
12 (2, 2, 9) tested 7 best (np.float64(2.680193710655197), ((0, 1, 2, 3, 4, 6, 7, 9, 10), (0, 3), (1, 4)))
12 (2, 3, 3) tested 459 best (np.float64(2.8186429421864663), ((0, 1, 3), (0, 1, 7), (3, 7)))
12 (2, 3, 4) tested 786 best (np.float64(2.8656136218188566), ((0, 1, 3), (0, 1, 7, 10), (3, 7)))
12 (2, 3, 5) tested 446 best (np.float64(2.8687267586572087), ((0, 1, 3, 6, 7), (0, 1, 7), (3, 7)))
12 (2, 3, 6) tested 185 best (np.float64(2.886923616479142), ((0, 1, 2, 4, 7, 8), (0, 1, 7), (2, 6)))
12 (2, 3, 7) tested 38 best (np.float64(2.8044923645883157), ((0, 1), (0, 1, 2, 3, 4, 5, 8), (1, 2, 5)))
12 (2, 3, 8) tested 8 best (np.float64(2.6980030856969313), ((0, 1), (0, 1, 2), (1, 2, 3, 4, 5, 6, 7, 8)))
12 (2, 4, 4) tested 347 best (np.float64(2.926784612599981), ((0, 1, 3, 6), (0, 1, 7, 10), (3, 7)))
12 (2, 4, 5) tested 215 best (np.float64(2.8917230800856175), ((0, 1, 2, 4, 7), (0, 1, 3, 6), (1, 3)))
12 (2, 4, 6) tested 74 best (np.float64(2.8789953667466124), ((0, 1), (0, 1, 2, 3, 4, 7), (1, 2, 3, 6)))
12 (2, 4, 7) tested 11 best (np.float64(2.792660814404668), ((0, 1, 2, 4, 5, 8, 9), (0, 1, 4, 8), (1, 5)))
12 (2, 5, 5) tested 37 best (np.float64(2.8653240595195815), ((0, 1), (0, 1, 2, 3, 7), (1, 2, 3, 6, 7)))
12 (2, 5, 6) tested 11 best (np.float64(2.7535230816411893), ((0, 1, 3, 4, 6, 9), (0, 1, 3, 6, 9), (1, 4)))
12 (3, 3, 3) tested 228 best (np.float64(2.926429047274418), ((0, 1, 3), (0, 2, 6), (1, 4, 8)))
12 (3, 3, 4) tested 317 best (np.float64(2.9505971485912204), ((0, 1, 3), (0, 1, 3, 7), (1, 3, 7)))
12 (3, 3, 5) tested 137 best (np.float64(2.919012521914209), ((0, 1, 3, 6, 7), (0, 1, 7), (1, 3, 7)))
12 (3, 3, 6) tested 50 best (np.float64(2.8730048465512894), ((0, 1, 2, 4, 8, 9), (0, 1, 8), (1, 5, 6)))
12 (3, 3, 7) tested 13 best (np.float64(2.7806728555840103), ((0, 1, 2, 4, 6, 8, 10), (0, 2, 6), (1, 3, 7)))
12 (3, 4, 4) tested 138 best (np.float64(2.9786425862119943), ((0, 1, 3, 7), (0, 1, 3, 7), (1, 3, 7)))
12 (3, 4, 5) tested 45 best (np.float64(2.800564671839869), ((0, 1, 2, 3, 5), (0, 1, 2, 4), (1, 2, 4)))
/home/user/threecontext/search/ftheta.py:19: UserWarning: Solution may be inaccurate. Try another solver, adjusting the solver settings, or solve with verbose=True for more information.
  p.solve(solver="CLARABEL")
12 (3, 4, 6) tested 19 best (np.float64(2.6547041761062755), ((0, 1, 2), (0, 1, 2, 3), (1, 2, 3, 4, 5, 6)))
12 (3, 5, 5) tested 11 best (np.float64(2.7832435013980916), ((0, 1, 3, 6, 9), (0, 1, 3, 6, 9), (1, 4, 7)))
12 (4, 4, 4) tested 48 best (np.float64(2.9384916228857856), ((0, 1, 3, 6), (0, 1, 3, 6), (1, 2, 4, 7)))
12 (4, 4, 5) tested 21 best (np.float64(2.6671609398846523), ((0, 1, 4, 5, 8), (0, 1, 4, 8), (1, 2, 5, 9)))
