Z3xZ3 (1, 1, 1) tested 1 best (np.float64(2.0641777742693157), ((0,), (0,), (1,)))
Z3xZ3 (1, 1, 2) tested 2 best (np.float64(2.3660254340508176), ((0,), (0,), (1, 2)))
Z3xZ3 (1, 1, 3) tested 3 best (np.float64(2.3660254696283176), ((0,), (0,), (1, 2, 3)))
Z3xZ3 (1, 1, 4) tested 4 best (np.float64(2.490984783301469), ((0,), (0,), (1, 3, 4, 5)))
Z3xZ3 (1, 1, 5) tested 3 best (np.float64(2.5246950830343797), ((0,), (0,), (1, 2, 3, 4, 5)))
Z3xZ3 (1, 1, 6) tested 2 best (np.float64(2.5333906622951132), ((0,), (0,), (1, 2, 3, 4, 5, 6)))
Z3xZ3 (1, 1, 7) tested 1 best (np.float64(2.547801348658459), ((0,), (0,), (1, 2, 3, 4, 5, 6, 7)))
Z3xZ3 (1, 1, 8) tested 1 best (np.float64(2.5606601737518933), ((0,), (0,), (1, 2, 3, 4, 5, 6, 7, 8)))
Z3xZ3 (1, 2, 2) tested 3 best (np.float64(2.366025423540983), ((0,), (0, 1), (1, 3)))
Z3xZ3 (1, 2, 3) tested 6 best (np.float64(2.5751476363914865), ((0,), (0, 1), (1, 3, 6)))
Z3xZ3 (1, 2, 4) tested 6 best (np.float64(2.6221596768696855), ((0,), (0, 1), (1, 3, 4, 6)))
Z3xZ3 (1, 2, 5) tested 3 best (np.float64(2.6267715588421714), ((0,), (0, 1), (1, 3, 4, 5, 6)))
Z3xZ3 (1, 2, 6) tested 2 best (np.float64(2.638788642168747), ((0,), (0, 1), (1, 3, 4, 5, 6, 7)))
Z3xZ3 (1, 2, 7) tested 1 best (np.float64(2.6509714508624684), ((0,), (0, 1), (1, 3, 4, 5, 6, 7, 8)))
Z3xZ3 (1, 3, 3) tested 5 best (np.float64(2.6268375312203354), ((0,), (0, 1, 3), (1, 3, 5)))
Z3xZ3 (1, 3, 4) tested 6 best (np.float64(2.673255404651469), ((0,), (0, 1, 3), (1, 3, 5, 7)))
Z3xZ3 (1, 3, 5) tested 3 best (np.float64(2.6767155172425623), ((0,), (0, 1, 3), (1, 3, 4, 5, 7)))
Z3xZ3 (1, 3, 6) tested 2 best (np.float64(2.6848798292246827), ((0,), (0, 1, 3), (1, 3, 4, 5, 7, 8)))
Z3xZ3 (1, 4, 4) tested 3 best (np.float64(2.7500000029984446), ((0,), (0, 1, 3, 4), (1, 3, 5, 7)))
Z3xZ3 (1, 4, 5) tested 2 best (np.float64(2.750361484491542), ((0,), (0, 1, 3, 4), (1, 3, 4, 5, 7)))
Z3xZ3 (2, 2, 2) tested 4 best (np.float64(2.537468615851959), ((0, 1), (0, 3), (1, 3)))
Z3xZ3 (2, 2, 3) tested 6 best (np.float64(2.694500095414426), ((0, 1), (0, 3), (1, 3, 5)))
Z3xZ3 (2, 2, 4) tested 5 best (np.float64(2.724744883976758), ((0, 1), (0, 3), (1, 3, 5, 7)))
Z3xZ3 (2, 2, 5) tested 2 best (np.float64(2.7714413946502727), ((0, 1), (0, 3), (1, 3, 4, 5, 7)))
Z3xZ3 (2, 2, 6) tested 1 best (np.float64(2.3660254225430766), ((0, 1), (0, 1), (3, 4, 5, 6, 7, 8)))
Z3xZ3 (2, 3, 3) tested 6 best (np.float64(2.8228756592300366), ((0, 1), (0, 3, 7), (1, 3, 7)))
Z3xZ3 (2, 3, 4) tested 3 best (np.float64(2.7314068797521984), ((0, 1), (0, 1, 3), (3, 4, 5, 7)))
Z3xZ3 (2, 3, 5) tested 1 best (np.float64(2.3660254739921176), ((0, 1), (0, 1, 2), (3, 4, 5, 6, 7)))
Z3xZ3 (2, 3, 6) tested 1 best (np.float64(2.3660254531631035), ((0, 1), (0, 1, 2), (3, 4, 5, 6, 7, 8)))
Z3xZ3 (2, 4, 4) tested 1 best (np.float64(2.7485871215198667), ((0, 1), (0, 1, 2, 3), (3, 4, 5, 7)))
Z3xZ3 (3, 3, 3) tested 3 best (np.float64(2.7587704921591207), ((0, 1, 3), (0, 1, 3), (4, 5, 7)))
Z3xZ3 (3, 3, 4) tested 2 best (np.float64(2.3660254466271873), ((0, 1, 2), (0, 1, 2), (3, 4, 6, 7)))
Z3xZ3 (3, 3, 5) tested 1 best (np.float64(2.366025422923067), ((0, 1, 2), (0, 1, 2), (3, 4, 5, 6, 7)))
Z3xZ3 (3, 3, 6) tested 1 best (np.float64(2.366025415901697), ((0, 1, 2), (0, 1, 2), (3, 4, 5, 6, 7, 8)))
D5 (1, 1, 1) tested 2 best (np.float64(2.0223406076138053), ((0,), (0,), (3,)))
D5 (1, 1, 2) tested 4 best (np.float64(2.2360679857752395), ((0,), (0,), (3, 5)))
D5 (1, 1, 3) tested 6 best (np.float64(2.434909698240289), ((0,), (0,), (3, 5, 7)))
D5 (1, 1, 4) tested 9 best (np.float64(2.50000001182567), ((0,), (0,), (3, 5, 7, 8)))
D5 (1, 1, 5) tested 9 best (np.float64(2.500000015875555), ((0,), (0,), (1, 3, 5, 7, 8)))
D5 (1, 1, 6) tested 6 best (np.float64(2.5000000079031786), ((0,), (0,), (1, 2, 3, 5, 7, 8)))
D5 (1, 1, 7) tested 4 best (np.float64(2.543859473825968), ((0,), (0,), (1, 2, 3, 4, 5, 6, 9)))
D5 (1, 1, 8) tested 2 best (np.float64(2.5555481549492227), ((0,), (0,), (1, 2, 3, 4, 5, 6, 7, 9)))
D5 (1, 1, 9) tested 1 best (np.float64(2.5671873771347533), ((0,), (0,), (1, 2, 3, 4, 5, 6, 7, 8, 9)))
D5 (1, 2, 2) tested 9 best (np.float64(2.500000008416261), ((0,), (0, 3), (3, 7)))
D5 (1, 2, 3) tested 16 best (np.float64(2.5210212385369863), ((0,), (0, 3), (3, 5, 7)))
D5 (1, 2, 4) tested 22 best (np.float64(2.521021165625819), ((0,), (0, 3), (1, 3, 5, 7)))
D5 (1, 2, 5) tested 16 best (np.float64(2.569655029589205), ((0,), (0, 3), (1, 2, 3, 6, 7)))
D5 (1, 2, 6) tested 11 best (np.float64(2.6079008234315575), ((0,), (0, 3), (1, 2, 3, 5, 6, 7)))
D5 (1, 2, 7) tested 4 best (np.float64(2.630414322583551), ((0,), (0, 3), (1, 2, 3, 4, 6, 7, 9)))
D5 (1, 2, 8) tested 2 best (np.float64(2.64702385295581), ((0,), (0, 3), (1, 2, 3, 4, 5, 6, 7, 9)))
D5 (1, 3, 3) tested 17 best (np.float64(2.6171854906255163), ((0,), (0, 1, 2), (3, 6, 8)))
D5 (1, 3, 4) tested 24 best (np.float64(2.6613856372311204), ((0,), (0, 1, 2), (3, 4, 6, 8)))
D5 (1, 3, 5) tested 16 best (np.float64(2.6645781092917806), ((0,), (0, 1, 2), (3, 4, 6, 8, 9)))
D5 (1, 3, 6) tested 6 best (np.float64(2.6667082130368014), ((0,), (0, 1, 2), (3, 4, 5, 6, 8, 9)))
D5 (1, 3, 7) tested 2 best (np.float64(2.680906690054372), ((0,), (0, 3, 5), (1, 2, 3, 4, 5, 6, 9)))
D5 (1, 4, 4) tested 15 best (np.float64(2.706575421518876), ((0,), (0, 1, 2, 5), (3, 4, 6, 8)))
D5 (1, 4, 5) tested 8 best (np.float64(2.7310592632577477), ((0,), (0, 1, 2, 5), (3, 4, 5, 6, 8)))
D5 (1, 4, 6) tested 4 best (np.float64(2.7355745315229942), ((0,), (0, 1, 2, 5), (3, 4, 5, 6, 8, 9)))
D5 (1, 5, 5) tested 4 best (np.float64(2.766588485034026), ((0,), (0, 1, 2, 3, 6), (3, 4, 5, 7, 9)))
D5 (2, 2, 2) tested 12 best (np.float64(2.500000015587183), ((0, 1), (0, 3), (2, 6)))
D5 (2, 2, 3) tested 22 best (np.float64(2.5210211830439704), ((0, 1), (0, 3), (2, 5, 6)))
D5 (2, 2, 4) tested 27 best (np.float64(2.5888544658393), ((0, 3), (0, 3), (1, 2, 3, 6)))
D5 (2, 2, 5) tested 15 best (np.float64(2.6490724959251497), ((0, 3), (0, 5), (1, 2, 3, 4, 6)))
D5 (2, 2, 6) tested 9 best (np.float64(2.7074043407077597), ((0, 3), (0, 5), (1, 2, 3, 4, 6, 9)))
D5 (2, 2, 7) tested 2 best (np.float64(2.5928275333025197), ((0, 3), (0, 3), (1, 2, 3, 4, 5, 6, 9)))
D5 (2, 2, 8) tested 1 best (np.float64(2.5000000080551574), ((0, 1), (0, 1), (2, 3, 4, 5, 6, 7, 8, 9)))
D5 (2, 3, 3) tested 18 best (np.float64(2.584739006013427), ((0, 3), (0, 1, 4), (3, 5, 7)))
D5 (2, 3, 4) tested 20 best (np.float64(2.6701252983685286), ((0, 3), (0, 3, 5), (1, 2, 3, 6)))
D5 (2, 3, 5) tested 7 best (np.float64(2.6801521185535138), ((0, 3), (0, 3, 5), (1, 2, 3, 4, 6)))
D5 (2, 3, 6) tested 2 best (np.float64(2.7092369057293295), ((0, 3), (0, 3, 5), (1, 2, 3, 4, 6, 9)))
D5 (2, 4, 4) tested 9 best (np.float64(2.6289835127626713), ((0, 3), (0, 1, 2, 4), (3, 5, 7, 9)))
D5 (2, 4, 5) tested 3 best (np.float64(2.521021182543572), ((0, 1), (0, 1, 2, 8), (4, 5, 6, 7, 8)))
D5 (2, 4, 6) tested 1 best (np.float64(2.521021193339439), ((0, 1), (0, 1, 2, 8), (4, 5, 6, 7, 8, 9)))
D5 (2, 5, 5) tested 1 best (np.float64(2.0000000137594944), ((0, 3), (0, 3, 5, 7, 8), (1, 2, 4, 6, 9)))
D5 (3, 3, 3) tested 8 best (np.float64(2.5600649613168605), ((0, 1, 2), (0, 1, 2), (4, 5, 9)))
D5 (3, 3, 4) tested 6 best (np.float64(2.567225907025308), ((0, 1, 2), (0, 1, 2), (4, 5, 6, 9)))
D5 (3, 3, 5) tested 3 best (np.float64(2.609364935221681), ((0, 1, 2), (0, 1, 2), (4, 5, 6, 7, 9)))
D5 (3, 4, 4) tested 2 best (np.float64(2.23606798791072), ((0, 1, 2), (0, 1, 2, 3), (4, 5, 6, 7)))
D5 (3, 4, 5) tested 1 best (np.float64(2.000000022815133), ((0, 3, 5), (0, 3, 5, 7), (1, 2, 4, 6, 9)))
D5 (3, 5, 5) tested 1 best (np.float64(2.0000000267831632), ((0, 3, 5), (0, 3, 5, 7, 8), (1, 2, 4, 6, 9)))
D5 (4, 4, 4) tested 2 best (np.float64(2.2360680065152687), ((0, 1, 2, 3), (0, 1, 2, 8), (5, 6, 7, 9)))
D5 (4, 4, 5) tested 1 best (np.float64(2.0000000074309465), ((0, 3, 5, 7), (0, 3, 5, 7), (1, 2, 4, 6, 9)))
Z2xZ6 (1, 1, 1) tested 3 best (np.float64(2.0641777751958075), ((0,), (0,), (1,)))
Z2xZ6 (1, 1, 2) tested 10 best (np.float64(2.3660254367254847), ((0,), (0,), (1, 2)))
Z2xZ6 (1, 1, 3) tested 22 best (np.float64(2.457427128423432), ((0,), (0,), (3, 6, 9)))
Z2xZ6 (1, 1, 4) tested 34 best (np.float64(2.4909847692428455), ((0,), (0,), (1, 3, 4, 5)))
Z2xZ6 (1, 1, 5) tested 41 best (np.float64(2.524695128071146), ((0,), (0,), (1, 2, 3, 4, 5)))
Z2xZ6 (1, 1, 6) tested 41 best (np.float64(2.5246951334550425), ((0,), (0,), (1, 2, 3, 4, 5, 7)))
Z2xZ6 (1, 1, 7) tested 34 best (np.float64(2.5522086386663574), ((0,), (0,), (1, 3, 4, 6, 7, 9, 10)))
Z2xZ6 (1, 1, 8) tested 22 best (np.float64(2.557166323328919), ((0,), (0,), (1, 3, 4, 5, 6, 7, 9, 10)))
Z2xZ6 (1, 1, 9) tested 10 best (np.float64(2.563886278541732), ((0,), (0,), (1, 3, 4, 5, 6, 7, 8, 9, 10)))
Z2xZ6 (1, 1, 10) tested 3 best (np.float64(2.5697790674884473), ((0,), (0,), (1, 3, 4, 5, 6, 7, 8, 9, 10, 11)))
Z2xZ6 (1, 1, 11) tested 1 best (np.float64(2.5766108526522205), ((0,), (0,), (1, 2, 3, 4, 5, 6, 7, 8, 9, 10, 11)))
Z2xZ6 (1, 2, 2) tested 24 best (np.float64(2.408394995363396), ((0,), (0, 1), (1, 3)))
Z2xZ6 (1, 2, 3) tested 58 best (np.float64(2.5648849382734893), ((0,), (0, 1), (1, 3, 4)))
Z2xZ6 (1, 2, 4) tested 92 best (np.float64(2.6308158657092573), ((0,), (0, 1), (1, 3, 6, 9)))
Z2xZ6 (1, 2, 5) tested 112 best (np.float64(2.630815925883911), ((0,), (0, 1), (1, 3, 4, 6, 9)))
Z2xZ6 (1, 2, 6) tested 91 best (np.float64(2.643439620642375), ((0,), (0, 4), (1, 2, 4, 6, 7, 8)))
Z2xZ6 (1, 2, 7) tested 69 best (np.float64(2.6632407723442264), ((0,), (0, 1), (1, 3, 4, 6, 7, 10, 11)))
Z2xZ6 (1, 2, 8) tested 33 best (np.float64(2.6668969552802038), ((0,), (0, 1), (1, 3, 4, 5, 6, 7, 9, 10)))
Z2xZ6 (1, 2, 9) tested 9 best (np.float64(2.670664272403577), ((0,), (0, 1), (1, 3, 4, 5, 6, 7, 8, 9, 10)))
Z2xZ6 (1, 2, 10) tested 3 best (np.float64(2.674333520459049), ((0,), (0, 1), (1, 3, 4, 5, 6, 7, 8, 9, 10, 11)))
Z2xZ6 (1, 3, 3) tested 86 best (np.float64(2.6388969387945704), ((0,), (0, 1, 3), (1, 4, 5)))
Z2xZ6 (1, 3, 4) tested 160 best (np.float64(2.674591914943689), ((0,), (0, 1, 3), (4, 5, 8, 11)))
Z2xZ6 (1, 3, 5) tested 166 best (np.float64(2.7162403944988505), ((0,), (0, 1, 3), (1, 4, 5, 6, 10)))
Z2xZ6 (1, 3, 6) tested 133 best (np.float64(2.718998805595534), ((0,), (0, 1, 3), (1, 4, 5, 6, 8, 10)))
Z2xZ6 (1, 3, 7) tested 58 best (np.float64(2.729477476561309), ((0,), (0, 1, 3), (1, 4, 5, 6, 8, 10, 11)))
Z2xZ6 (1, 3, 8) tested 18 best (np.float64(2.7296949718777834), ((0,), (0, 1, 3), (1, 4, 5, 6, 7, 8, 9, 11)))
Z2xZ6 (1, 3, 9) tested 6 best (np.float64(2.733095754755106), ((0,), (0, 1, 3), (1, 4, 5, 6, 7, 8, 9, 10, 11)))
Z2xZ6 (1, 4, 4) tested 143 best (np.float64(2.7299564492904786), ((0,), (0, 1, 3, 6), (1, 5, 9, 11)))
Z2xZ6 (1, 4, 5) tested 186 best (np.float64(2.7566683151747675), ((0,), (0, 1, 3, 6), (1, 5, 8, 9, 11)))
Z2xZ6 (1, 4, 6) tested 83 best (np.float64(2.7635508659194423), ((0,), (0, 1, 3, 6), (1, 5, 8, 9, 10, 11)))
Z2xZ6 (1, 4, 7) tested 31 best (np.float64(2.767828077689364), ((0,), (0, 1, 3, 6), (1, 4, 5, 7, 8, 9, 11)))
Z2xZ6 (1, 4, 8) tested 10 best (np.float64(2.76789106805978), ((0,), (0, 1, 3, 6), (1, 4, 5, 7, 8, 9, 10, 11)))
Z2xZ6 (1, 5, 5) tested 69 best (np.float64(2.7822009973686894), ((0,), (0, 1, 3, 5, 7), (1, 5, 7, 9, 10)))
Z2xZ6 (1, 5, 6) tested 36 best (np.float64(2.810766729785541), ((0,), (0, 1, 3, 6, 11), (4, 5, 7, 8, 9, 11)))
Z2xZ6 (1, 5, 7) tested 9 best (np.float64(2.817205938315987), ((0,), (0, 1, 3, 6, 11), (1, 4, 5, 7, 8, 9, 11)))
Z2xZ6 (1, 6, 6) tested 10 best (np.float64(2.812699367013721), ((0,), (0, 1, 2, 3, 6, 10), (4, 5, 7, 8, 9, 10)))
Z2xZ6 (2, 2, 2) tested 45 best (np.float64(2.459955192232526), ((0, 1), (0, 4), (1, 8)))
Z2xZ6 (2, 2, 3) tested 117 best (np.float64(2.650451672731019), ((0, 1), (0, 4), (1, 6, 9)))
Z2xZ6 (2, 2, 4) tested 156 best (np.float64(2.7146038499668674), ((0, 4), (0, 7), (1, 3, 4, 9)))
Z2xZ6 (2, 2, 5) tested 150 best (np.float64(2.7267302656363688), ((0, 4), (0, 7), (1, 3, 4, 6, 9)))
Z2xZ6 (2, 2, 6) tested 114 best (np.float64(2.7340355356659707), ((0, 4), (0, 7), (1, 2, 3, 4, 6, 9)))
Z2xZ6 (2, 2, 7) tested 55 best (np.float64(2.747592812432603), ((0, 4), (0, 7), (1, 2, 3, 4, 6, 7, 9)))
Z2xZ6 (2, 2, 8) tested 21 best (np.float64(2.7491872132661), ((0, 4), (0, 7), (1, 2, 3, 4, 6, 7, 9, 11)))
Z2xZ6 (2, 2, 9) tested 5 best (np.float64(2.666666684300709), ((0, 4), (0, 4), (2, 3, 4, 6, 7, 8, 9, 10, 11)))
Z2xZ6 (2, 2, 10) tested 1 best (np.float64(2.5246951183670685), ((0, 3), (0, 3), (1, 2, 4, 5, 6, 7, 8, 9, 10, 11)))
Z2xZ6 (2, 3, 3) tested 156 best (np.float64(2.7532687403828393), ((0, 4), (0, 1, 6), (3, 7, 10)))
Z2xZ6 (2, 3, 4) tested 217 best (np.float64(2.861954139442247), ((0, 1), (0, 3, 7), (1, 4, 6, 10)))
Z2xZ6 (2, 3, 5) tested 144 best (np.float64(2.8687267088684267), ((0, 1), (0, 3, 7), (1, 4, 6, 9, 10)))
Z2xZ6 (2, 3, 6) tested 78 best (np.float64(2.886923674456976), ((0, 1), (0, 3, 7), (1, 4, 6, 9, 10, 11)))
Z2xZ6 (2, 3, 7) tested 20 best (np.float64(2.770348266332772), ((0, 4), (0, 4, 8), (2, 3, 4, 6, 8, 10, 11)))
Z2xZ6 (2, 3, 8) tested 5 best (np.float64(2.6879104606883204), ((0, 4), (0, 1, 5), (1, 3, 6, 7, 8, 9, 10, 11)))
Z2xZ6 (2, 3, 9) tested 1 best (np.float64(2.457427121173445), ((0, 1), (0, 1, 2), (3, 4, 5, 6, 7, 8, 9, 10, 11)))
Z2xZ6 (2, 4, 4) tested 136 best (np.float64(2.9267846228756715), ((0, 1), (0, 3, 6, 10), (1, 4, 7, 9)))
Z2xZ6 (2, 4, 5) tested 93 best (np.float64(2.891723089709728), ((0, 4), (0, 3, 6, 10), (1, 4, 8, 9, 10)))
Z2xZ6 (2, 4, 6) tested 36 best (np.float64(2.842436475622095), ((0, 4), (0, 1, 5, 6), (1, 3, 7, 8, 9, 10)))
Z2xZ6 (2, 4, 7) tested 8 best (np.float64(2.7466551739370315), ((0, 1), (0, 1, 2, 3), (4, 6, 7, 8, 9, 10, 11)))
Z2xZ6 (2, 4, 8) tested 3 best (np.float64(2.591794925503124), ((0, 3), (0, 1, 3, 4), (1, 4, 6, 7, 8, 9, 10, 11)))
Z2xZ6 (2, 5, 5) tested 22 best (np.float64(2.8033363366522854), ((0, 4), (0, 1, 3, 5, 6), (1, 7, 8, 9, 10)))
Z2xZ6 (2, 5, 6) tested 8 best (np.float64(2.6388969823699866), ((0, 3), (0, 1, 3, 6, 9), (1, 4, 7, 8, 10, 11)))
Z2xZ6 (2, 6, 6) tested 5 best (np.float64(2.638896933266645), ((0, 3), (0, 1, 3, 4, 6, 9), (1, 4, 7, 8, 10, 11)))
Z2xZ6 (3, 3, 3) tested 84 best (np.float64(2.8228757317539523), ((0, 3, 6), (0, 4, 8), (4, 8, 9)))
Z2xZ6 (3, 3, 4) tested 116 best (np.float64(2.900884061217582), ((0, 1, 3), (0, 3, 7), (1, 4, 9, 10)))
Z2xZ6 (3, 3, 5) tested 58 best (np.float64(2.919012489679692), ((0, 1, 3), (0, 3, 7), (1, 4, 6, 9, 10)))
Z2xZ6 (3, 3, 6) tested 28 best (np.float64(2.822875661723124), ((0, 4, 8), (0, 4, 8), (3, 4, 6, 8, 10, 11)))
Z2xZ6 (3, 3, 7) tested 8 best (np.float64(2.780672852654466), ((0, 1, 3), (0, 1, 3), (4, 6, 7, 8, 9, 10, 11)))
Z2xZ6 (3, 3, 8) tested 2 best (np.float64(2.4574271214244576), ((0, 1, 2), (0, 1, 2), (3, 4, 5, 6, 7, 8, 9, 10)))
Z2xZ6 (3, 3, 9) tested 1 best (np.float64(2.4574271168180903), ((0, 1, 2), (0, 1, 2), (3, 4, 5, 6, 7, 8, 9, 10, 11)))
Z2xZ6 (3, 4, 4) tested 62 best (np.float64(2.901100037563585), ((0, 3, 7), (0, 1, 3, 7), (4, 6, 9, 10)))
Z2xZ6 (3, 4, 5) tested 21 best (np.float64(2.7779809655051344), ((0, 3, 6), (0, 1, 3, 6), (1, 4, 7, 10, 11)))
Z2xZ6 (3, 4, 6) tested 11 best (np.float64(2.4574271426082275), ((0, 3, 7), (0, 3, 7, 10), (2, 5, 6, 7, 9, 10)))
Z2xZ6 (3, 4, 7) tested 1 best (np.float64(2.366025442981913), ((0, 3, 6), (0, 3, 6, 9), (1, 2, 4, 5, 7, 8, 10)))
Z2xZ6 (3, 4, 8) tested 1 best (np.float64(2.366025406968705), ((0, 3, 6), (0, 3, 6, 9), (1, 2, 4, 5, 7, 8, 10, 11)))
Z2xZ6 (3, 5, 5) tested 7 best (np.float64(2.783243458600972), ((0, 3, 6), (0, 1, 3, 6, 9), (1, 4, 7, 10, 11)))
Z2xZ6 (3, 5, 6) tested 3 best (np.float64(2.0000000367994177), ((0, 1, 3), (0, 1, 2, 3, 4), (6, 7, 8, 9, 10, 11)))
Z2xZ6 (3, 6, 6) tested 3 best (np.float64(2.000000048810313), ((0, 1, 3), (0, 1, 2, 3, 4, 5), (6, 7, 8, 9, 10, 11)))
HIT Z2xZ6 ((0, 1, 3, 7), (0, 1, 3, 7), (4, 6, 9, 10)) 3.000000002791323
Z2xZ6 (4, 4, 4) tested 36 best (np.float64(3.000000002791323), ((0, 1, 3, 7), (0, 1, 3, 7), (4, 6, 9, 10)))
Z2xZ6 (4, 4, 5) tested 17 best (np.float64(2.457427112060815), ((0, 3, 7, 10), (0, 3, 7, 10), (2, 5, 6, 7, 9)))
Z2xZ6 (4, 4, 6) tested 10 best (np.float64(2.4574271086770536), ((0, 3, 7, 10), (0, 3, 7, 10), (2, 5, 6, 7, 9, 10)))
Z2xZ6 (4, 4, 7) tested 1 best (np.float64(2.3660254043788407), ((0, 3, 6, 9), (0, 3, 6, 9), (1, 2, 4, 5, 7, 8, 10)))
Z2xZ6 (4, 5, 5) tested 6 best (np.float64(2.0000000120831674), ((0, 1, 3, 4), (0, 1, 2, 3, 4), (6, 7, 8, 9, 11)))
Z2xZ6 (4, 5, 6) tested 3 best (np.float64(2.0000000212359472), ((0, 1, 3, 4), (0, 1, 2, 3, 4), (6, 7, 8, 9, 10, 11)))
Z2xZ6 (5, 5, 5) tested 2 best (np.float64(2.0000000544859375), ((0, 1, 2, 3, 4), (0, 1, 2, 3, 4), (6, 7, 8, 9, 11)))
D6 (1, 1, 1) tested 3 best (np.float64(2.0641777751958923), ((0,), (0,), (5,)))
D6 (1, 1, 2) tested 10 best (np.float64(2.366025436725483), ((0,), (0,), (5, 9)))
D6 (1, 1, 3) tested 19 best (np.float64(2.457427128423446), ((0,), (0,), (1, 6, 7)))
D6 (1, 1, 4) tested 26 best (np.float64(2.490984769242844), ((0,), (0,), (1, 4, 5, 8)))
D6 (1, 1, 5) tested 32 best (np.float64(2.524695128071147), ((0,), (0,), (1, 4, 5, 8, 9)))
D6 (1, 1, 6) tested 32 best (np.float64(2.524695133457902), ((0,), (0,), (1, 3, 4, 5, 8, 9)))
D6 (1, 1, 7) tested 26 best (np.float64(2.5246951518480136), ((0,), (0,), (1, 2, 3, 4, 5, 8, 9)))
D6 (1, 1, 8) tested 19 best (np.float64(2.5246951312220234), ((0,), (0,), (1, 2, 3, 4, 5, 7, 9, 10)))
D6 (1, 1, 9) tested 10 best (np.float64(2.5638862785417285), ((0,), (0,), (1, 2, 3, 4, 6, 7, 8, 9, 11)))
D6 (1, 1, 10) tested 3 best (np.float64(2.569779067488441), ((0,), (0,), (1, 2, 3, 4, 5, 6, 7, 8, 10, 11)))
D6 (1, 1, 11) tested 1 best (np.float64(2.5766108526522205), ((0,), (0,), (1, 2, 3, 4, 5, 6, 7, 8, 9, 10, 11)))
D6 (1, 2, 2) tested 22 best (np.float64(2.408394995363989), ((0,), (0, 3), (3, 7)))
D6 (1, 2, 3) tested 55 best (np.float64(2.5648849382734853), ((0,), (0, 5), (3, 5, 10)))
D6 (1, 2, 4) tested 87 best (np.float64(2.5917949159906155), ((0,), (0, 5), (1, 4, 5, 8)))
D6 (1, 2, 5) tested 99 best (np.float64(2.5917950056182537), ((0,), (0, 5), (1, 3, 4, 5, 8)))
D6 (1, 2, 6) tested 87 best (np.float64(2.6434396206423587), ((0,), (0, 3), (1, 3, 4, 5, 8, 9)))
D6 (1, 2, 7) tested 64 best (np.float64(2.643930248709844), ((0,), (0, 3), (1, 3, 4, 5, 7, 8, 9)))
D6 (1, 2, 8) tested 30 best (np.float64(2.6439302701468286), ((0,), (0, 3), (1, 2, 3, 4, 5, 7, 8, 9)))
D6 (1, 2, 9) tested 9 best (np.float64(2.67066427240363), ((0,), (0, 5), (1, 2, 3, 4, 5, 6, 8, 10, 11)))
D6 (1, 2, 10) tested 3 best (np.float64(2.674333520458641), ((0,), (0, 5), (1, 2, 3, 4, 5, 6, 7, 8, 10, 11)))
D6 (1, 3, 3) tested 78 best (np.float64(2.6388969387944847), ((0,), (0, 3, 7), (3, 5, 9)))
D6 (1, 3, 4) tested 159 best (np.float64(2.6425222206219576), ((0,), (0, 1, 4), (2, 5, 7, 9)))
D6 (1, 3, 5) tested 163 best (np.float64(2.6881734202659295), ((0,), (0, 3, 7), (1, 3, 4, 5, 8)))
D6 (1, 3, 6) tested 125 best (np.float64(2.7070244880735856), ((0,), (0, 3, 7), (1, 3, 4, 5, 8, 9)))
D6 (1, 3, 7) tested 55 best (np.float64(2.703515319730757), ((0,), (0, 3, 7), (1, 2, 3, 4, 5, 6, 9)))
D6 (1, 3, 8) tested 17 best (np.float64(2.7083196248729697), ((0,), (0, 3, 7), (1, 2, 3, 4, 5, 6, 8, 9)))
D6 (1, 3, 9) tested 5 best (np.float64(2.733095754755108), ((0,), (0, 3, 7), (1, 2, 3, 4, 5, 6, 8, 9, 11)))
D6 (1, 4, 4) tested 135 best (np.float64(2.702420379339777), ((0,), (0, 1, 2, 5), (5, 6, 8, 10)))
D6 (1, 4, 5) tested 180 best (np.float64(2.716029199932943), ((0,), (0, 1, 2, 5), (4, 6, 8, 10, 11)))
D6 (1, 4, 6) tested 80 best (np.float64(2.727033394986199), ((0,), (0, 1, 4, 7), (2, 3, 6, 8, 9, 11)))
D6 (1, 4, 7) tested 25 best (np.float64(2.732166231400475), ((0,), (0, 1, 2, 4), (3, 5, 6, 7, 8, 10, 11)))
D6 (1, 4, 8) tested 8 best (np.float64(2.7424018333217983), ((0,), (0, 1, 2, 4), (3, 5, 6, 7, 8, 9, 10, 11)))
D6 (1, 5, 5) tested 64 best (np.float64(2.772154497629671), ((0,), (0, 1, 2, 4, 7), (3, 6, 8, 9, 11)))
D6 (1, 5, 6) tested 30 best (np.float64(2.776786959721047), ((0,), (0, 1, 2, 4, 7), (3, 5, 6, 9, 10, 11)))
D6 (1, 5, 7) tested 8 best (np.float64(2.8172042767476895), ((0,), (0, 1, 2, 4, 7), (3, 5, 6, 8, 9, 10, 11)))
D6 (1, 6, 6) tested 8 best (np.float64(2.796601434920955), ((0,), (0, 1, 2, 4, 7, 8), (3, 5, 6, 9, 10, 11)))
D6 (2, 2, 2) tested 41 best (np.float64(2.457427110989694), ((0, 3), (0, 3), (3, 7)))
D6 (2, 2, 3) tested 117 best (np.float64(2.5648849308959107), ((0, 1), (0, 5), (2, 4, 11)))
D6 (2, 2, 4) tested 154 best (np.float64(2.6180340364792136), ((0, 3), (0, 3), (1, 3, 6, 7)))
D6 (2, 2, 5) tested 148 best (np.float64(2.665814422566406), ((0, 3), (0, 5), (1, 2, 3, 5, 6)))
D6 (2, 2, 6) tested 112 best (np.float64(2.6658143624080477), ((0, 3), (0, 5), (1, 2, 3, 4, 5, 6)))
D6 (2, 2, 7) tested 55 best (np.float64(2.665814434034484), ((0, 3), (0, 5), (1, 2, 3, 4, 5, 6, 8)))
D6 (2, 2, 8) tested 24 best (np.float64(2.6579763389869573), ((0, 3), (0, 3), (1, 2, 3, 4, 5, 6, 7, 8)))
D6 (2, 2, 9) tested 6 best (np.float64(2.666666684300738), ((0, 3), (0, 3), (1, 2, 3, 4, 5, 6, 7, 8, 11)))
D6 (2, 2, 10) tested 1 best (np.float64(2.5246951183670676), ((0, 1), (0, 1), (2, 3, 4, 5, 6, 7, 8, 9, 10, 11)))
D6 (2, 3, 3) tested 151 best (np.float64(2.685965983653161), ((0, 5), (0, 1, 2), (8, 10, 11)))
D6 (2, 3, 4) tested 232 best (np.float64(2.7849758545495185), ((0, 3), (0, 1, 6), (4, 5, 7, 11)))
D6 (2, 3, 5) tested 152 best (np.float64(2.7903127910258183), ((0, 3), (0, 1, 6), (3, 4, 5, 7, 11)))
D6 (2, 3, 6) tested 83 best (np.float64(2.833212937439964), ((0, 5), (0, 1, 6), (2, 3, 5, 7, 8, 10)))
D6 (2, 3, 7) tested 22 best (np.float64(2.7358256226832336), ((0, 5), (0, 3, 7), (1, 2, 4, 5, 6, 8, 11)))
D6 (2, 3, 8) tested 6 best (np.float64(2.6879104606884043), ((0, 3), (0, 3, 5), (1, 2, 3, 4, 5, 6, 8, 11)))
D6 (2, 3, 9) tested 1 best (np.float64(2.457427121172971), ((0, 5), (0, 5, 9), (1, 2, 3, 4, 6, 7, 8, 10, 11)))
D6 (2, 4, 4) tested 140 best (np.float64(2.8181134712522615), ((0, 3), (0, 1, 2, 7), (3, 6, 8, 9)))
D6 (2, 4, 5) tested 102 best (np.float64(2.8554253284605897), ((0, 3), (0, 1, 2, 7), (3, 6, 8, 9, 11)))
D6 (2, 4, 6) tested 46 best (np.float64(2.744790756695078), ((0, 5), (0, 1, 4, 8), (2, 3, 5, 6, 10, 11)))
D6 (2, 4, 7) tested 9 best (np.float64(2.7466551739370892), ((0, 5), (0, 1, 4, 8), (2, 3, 5, 6, 7, 10, 11)))
D6 (2, 4, 8) tested 3 best (np.float64(2.591794925503221), ((0, 1), (0, 1, 4, 9), (2, 3, 6, 7, 8, 9, 10, 11)))
D6 (2, 5, 5) tested 22 best (np.float64(2.8000000857912313), ((0, 5), (0, 1, 2, 5, 9), (3, 7, 8, 10, 11)))
D6 (2, 5, 6) tested 9 best (np.float64(2.6455619521840386), ((0, 1), (0, 1, 2, 5, 10), (4, 5, 6, 7, 10, 11)))
D6 (2, 6, 6) tested 5 best (np.float64(2.6455619502972527), ((0, 1), (0, 1, 2, 5, 8, 10), (4, 5, 6, 7, 10, 11)))
D6 (3, 3, 3) tested 78 best (np.float64(2.688608730329527), ((0, 1, 4), (0, 1, 4), (2, 7, 8)))
D6 (3, 3, 4) tested 113 best (np.float64(2.7391707708189577), ((0, 1, 2), (0, 1, 8), (3, 5, 6, 11)))
D6 (3, 3, 5) tested 58 best (np.float64(2.771496253816758), ((0, 1, 2), (0, 1, 8), (3, 4, 5, 6, 11)))
D6 (3, 3, 6) tested 27 best (np.float64(2.7518676300141838), ((0, 3, 7), (0, 3, 7), (1, 2, 3, 4, 6, 8)))
D6 (3, 3, 7) tested 9 best (np.float64(2.780672852654451), ((0, 3, 7), (0, 3, 7), (1, 2, 3, 4, 6, 8, 11)))
D6 (3, 3, 8) tested 2 best (np.float64(2.457427121424674), ((0, 5, 9), (0, 5, 9), (1, 2, 3, 4, 6, 7, 8, 10)))
D6 (3, 3, 9) tested 1 best (np.float64(2.4574271168180912), ((0, 5, 9), (0, 5, 9), (1, 2, 3, 4, 6, 7, 8, 10, 11)))
D6 (3, 4, 4) tested 65 best (np.float64(2.742721884415408), ((0, 1, 4), (0, 1, 2, 5), (5, 6, 7, 11)))
D6 (3, 4, 5) tested 24 best (np.float64(2.6812179174184534), ((0, 1, 6), (0, 1, 2, 6), (4, 5, 8, 10, 11)))
D6 (3, 4, 6) tested 14 best (np.float64(2.4574271446404063), ((0, 1, 2), (0, 1, 2, 3), (4, 5, 6, 7, 8, 9)))
D6 (3, 4, 7) tested 1 best (np.float64(2.3660254369142635), ((0, 1, 6), (0, 1, 6, 7), (2, 3, 4, 5, 8, 9, 10)))
D6 (3, 4, 8) tested 1 best (np.float64(2.3660254069685784), ((0, 1, 6), (0, 1, 6, 7), (2, 3, 4, 5, 8, 9, 10, 11)))
D6 (3, 5, 5) tested 6 best (np.float64(2.685911194565215), ((0, 1, 6), (0, 1, 2, 6, 7), (4, 5, 8, 10, 11)))
D6 (3, 5, 6) tested 3 best (np.float64(2.0000000367994177), ((0, 3, 7), (0, 3, 5, 7, 9), (1, 2, 4, 6, 8, 11)))
D6 (3, 6, 6) tested 3 best (np.float64(2.0000000488103127), ((0, 3, 7), (0, 3, 5, 7, 9, 10), (1, 2, 4, 6, 8, 11)))
D6 (4, 4, 4) tested 31 best (np.float64(2.722299873983685), ((0, 1, 2, 7), (0, 1, 2, 7), (4, 5, 9, 11)))
D6 (4, 4, 5) tested 16 best (np.float64(2.4574271113372177), ((0, 1, 2, 3), (0, 1, 2, 10), (5, 6, 7, 8, 9)))
D6 (4, 4, 6) tested 11 best (np.float64(2.4574271086770265), ((0, 1, 2, 3), (0, 1, 2, 10), (5, 6, 7, 8, 9, 11)))
D6 (4, 4, 7) tested 1 best (np.float64(2.3660254045120315), ((0, 1, 6, 7), (0, 1, 6, 7), (2, 3, 4, 5, 8, 9, 10)))
D6 (4, 5, 5) tested 5 best (np.float64(2.000000012082773), ((0, 1, 4, 5), (0, 1, 4, 5, 8), (2, 3, 6, 7, 10)))
D6 (4, 5, 6) tested 3 best (np.float64(2.0000000212359472), ((0, 1, 4, 5), (0, 1, 4, 5, 8), (2, 3, 6, 7, 10, 11)))
D6 (5, 5, 5) tested 2 best (np.float64(2.000000054485936), ((0, 1, 4, 5, 8), (0, 1, 4, 5, 8), (2, 3, 6, 7, 11)))
A4 (1, 1, 1) tested 2 best (np.float64(2.0641777751957884), ((0,), (0,), (1,)))
A4 (1, 1, 2) tested 5 best (np.float64(2.3660254367254847), ((0,), (0,), (1, 2)))
A4 (1, 1, 3) tested 10 best (np.float64(2.457427128423428), ((0,), (0,), (3, 8, 11)))
A4 (1, 1, 4) tested 17 best (np.float64(2.4574271240553722), ((0,), (0,), (1, 3, 8, 11)))
A4 (1, 1, 5) tested 21 best (np.float64(2.4773592308950168), ((0,), (0,), (1, 3, 4, 5, 10)))
A4 (1, 1, 6) tested 21 best (np.float64(2.524695176672933), ((0,), (0,), (1, 3, 4, 5, 7, 11)))
A4 (1, 1, 7) tested 17 best (np.float64(2.5522086386663387), ((0,), (0,), (1, 3, 5, 6, 8, 10, 11)))
A4 (1, 1, 8) tested 10 best (np.float64(2.5566286715954654), ((0,), (0,), (1, 2, 3, 4, 7, 8, 9, 11)))
A4 (1, 1, 9) tested 5 best (np.float64(2.5624732893074578), ((0,), (0,), (1, 2, 3, 4, 5, 6, 8, 10, 11)))
A4 (1, 1, 10) tested 2 best (np.float64(2.5697790674884713), ((0,), (0,), (1, 2, 3, 4, 5, 6, 7, 8, 9, 11)))
A4 (1, 1, 11) tested 1 best (np.float64(2.5766108526522205), ((0,), (0,), (1, 2, 3, 4, 5, 6, 7, 8, 9, 10, 11)))
A4 (1, 2, 2) tested 13 best (np.float64(2.3660254418849602), ((0,), (0, 1), (1, 3)))
A4 (1, 2, 3) tested 37 best (np.float64(2.4757148475507553), ((0,), (0, 1), (1, 3, 5)))
A4 (1, 2, 4) tested 55 best (np.float64(2.630815865712015), ((0,), (0, 1), (1, 3, 8, 11)))
A4 (1, 2, 5) tested 68 best (np.float64(2.6308159377881437), ((0,), (0, 1), (1, 3, 5, 8, 11)))
A4 (1, 2, 6) tested 60 best (np.float64(2.640898427117862), ((0,), (0, 1), (1, 3, 4, 5, 7, 11)))
A4 (1, 2, 7) tested 37 best (np.float64(2.6611732174045386), ((0,), (0, 1), (1, 3, 4, 5, 6, 7, 9)))
A4 (1, 2, 8) tested 16 best (np.float64(2.664964855037944), ((0,), (0, 1), (1, 3, 4, 5, 6, 7, 8, 9)))
A4 (1, 2, 9) tested 5 best (np.float64(2.6678559708750464), ((0,), (0, 1), (1, 3, 4, 5, 6, 7, 8, 9, 11)))
A4 (1, 2, 10) tested 2 best (np.float64(2.674333520458934), ((0,), (0, 1), (1, 3, 4, 5, 6, 7, 8, 9, 10, 11)))
A4 (1, 3, 3) tested 47 best (np.float64(2.5875276391712525), ((0,), (0, 1, 4), (1, 5, 10)))
A4 (1, 3, 4) tested 110 best (np.float64(2.647847494879416), ((0,), (0, 1, 4), (1, 3, 8, 11)))
A4 (1, 3, 5) tested 105 best (np.float64(2.704414347434774), ((0,), (0, 1, 4), (1, 3, 4, 8, 11)))
A4 (1, 3, 6) tested 74 best (np.float64(2.709665462837372), ((0,), (0, 1, 4), (1, 3, 4, 5, 8, 11)))
A4 (1, 3, 7) tested 36 best (np.float64(2.717698697885217), ((0,), (0, 1, 4), (1, 3, 4, 5, 8, 10, 11)))
A4 (1, 3, 8) tested 10 best (np.float64(2.7177872294587564), ((0,), (0, 1, 4), (1, 3, 4, 5, 7, 8, 9, 11)))
A4 (1, 3, 9) tested 4 best (np.float64(2.7189927697017677), ((0,), (0, 1, 4), (1, 3, 4, 5, 7, 8, 9, 10, 11)))
A4 (1, 4, 4) tested 79 best (np.float64(2.7162346268966875), ((0,), (0, 1, 3, 4), (1, 4, 9, 10)))
A4 (1, 4, 5) tested 108 best (np.float64(2.7521855867805822), ((0,), (0, 1, 3, 4), (1, 4, 9, 10, 11)))
A4 (1, 4, 6) tested 61 best (np.float64(2.774074093757817), ((0,), (0, 1, 3, 4), (1, 4, 5, 9, 10, 11)))
A4 (1, 4, 7) tested 15 best (np.float64(2.775053160589981), ((0,), (0, 1, 3, 4), (1, 4, 5, 7, 9, 10, 11)))
A4 (1, 4, 8) tested 6 best (np.float64(2.780235757122897), ((0,), (0, 1, 3, 4), (1, 4, 5, 7, 8, 9, 10, 11)))
A4 (1, 5, 5) tested 38 best (np.float64(2.766191104054023), ((0,), (0, 1, 3, 4, 9), (1, 4, 7, 9, 10)))
A4 (1, 5, 6) tested 21 best (np.float64(2.791914735985123), ((0,), (0, 1, 3, 4, 9), (1, 4, 8, 9, 10, 11)))
A4 (1, 5, 7) tested 7 best (np.float64(2.8172042767477095), ((0,), (0, 1, 3, 4, 8), (1, 4, 5, 7, 9, 10, 11)))
A4 (1, 6, 6) tested 6 best (np.float64(2.8000000285461732), ((0,), (0, 1, 2, 3, 7, 10), (4, 5, 6, 8, 9, 11)))
A4 (2, 2, 2) tested 19 best (np.float64(2.429592856387046), ((0, 1), (0, 3), (1, 7)))
A4 (2, 2, 3) tested 65 best (np.float64(2.5725209845554082), ((0, 1), (0, 4), (1, 5, 10)))
A4 (2, 2, 4) tested 75 best (np.float64(2.6869361474749116), ((0, 1), (0, 4), (1, 4, 5, 10)))
A4 (2, 2, 5) tested 77 best (np.float64(2.7583058289337083), ((0, 1), (0, 4), (1, 4, 5, 7, 11)))
A4 (2, 2, 6) tested 49 best (np.float64(2.782833250238724), ((0, 1), (0, 4), (1, 3, 4, 5, 7, 11)))
A4 (2, 2, 7) tested 25 best (np.float64(2.801474443350469), ((0, 1), (0, 4), (1, 3, 4, 5, 7, 9, 11)))
A4 (2, 2, 8) tested 11 best (np.float64(2.8036448338716813), ((0, 1), (0, 4), (1, 3, 4, 5, 7, 9, 10, 11)))
A4 (2, 2, 9) tested 3 best (np.float64(2.524695149999038), ((0, 3), (0, 3), (1, 2, 4, 5, 6, 7, 8, 9, 10)))
A4 (2, 2, 10) tested 1 best (np.float64(2.5246951183670694), ((0, 3), (0, 3), (1, 2, 4, 5, 6, 7, 8, 9, 10, 11)))
A4 (2, 3, 3) tested 85 best (np.float64(2.6765753354171844), ((0, 1), (0, 1, 4), (4, 7, 9)))
A4 (2, 3, 4) tested 141 best (np.float64(2.7862800148012505), ((0, 1), (0, 3, 4), (1, 5, 7, 10)))
A4 (2, 3, 5) tested 85 best (np.float64(2.8382646373793445), ((0, 1), (0, 4, 5), (1, 3, 4, 7, 11)))
A4 (2, 3, 6) tested 40 best (np.float64(2.8821706051266793), ((0, 1), (0, 4, 5), (1, 3, 4, 5, 7, 11)))
A4 (2, 3, 7) tested 10 best (np.float64(2.7185698156099107), ((0, 1), (0, 1, 4), (3, 4, 5, 7, 9, 10, 11)))
A4 (2, 3, 8) tested 3 best (np.float64(2.6107744691446855), ((0, 3), (0, 1, 3), (1, 4, 5, 6, 7, 8, 10, 11)))
A4 (2, 3, 9) tested 1 best (np.float64(2.4574271211736436), ((0, 1), (0, 1, 2), (3, 4, 5, 6, 7, 8, 9, 10, 11)))
A4 (2, 4, 4) tested 68 best (np.float64(2.9267846228759153), ((0, 1), (0, 3, 4, 11), (1, 5, 7, 10)))
A4 (2, 4, 5) tested 48 best (np.float64(2.818138806527301), ((0, 1), (0, 1, 4, 7), (3, 4, 5, 7, 9)))
A4 (2, 4, 6) tested 19 best (np.float64(2.719843469982985), ((0, 1), (0, 1, 2, 3), (5, 6, 7, 8, 10, 11)))
A4 (2, 4, 7) tested 4 best (np.float64(2.7198739728219197), ((0, 1), (0, 1, 2, 3), (5, 6, 7, 8, 9, 10, 11)))
A4 (2, 4, 8) tested 2 best (np.float64(2.626789575309588), ((0, 3), (0, 1, 3, 5), (1, 4, 5, 6, 7, 8, 10, 11)))
A4 (2, 5, 5) tested 9 best (np.float64(2.8289374523885105), ((0, 1), (0, 1, 2, 3, 8), (5, 6, 9, 10, 11)))
A4 (2, 5, 6) tested 4 best (np.float64(2.638896982370288), ((0, 3), (0, 1, 3, 8, 11), (1, 4, 5, 6, 7, 10)))
A4 (2, 6, 6) tested 3 best (np.float64(2.638896933266631), ((0, 3), (0, 1, 3, 5, 6, 10), (1, 5, 6, 8, 10, 11)))
A4 (3, 3, 3) tested 40 best (np.float64(2.822875731753956), ((0, 1, 4), (0, 1, 7), (4, 7, 9)))
A4 (3, 3, 4) tested 57 best (np.float64(2.839507651181862), ((0, 1, 3), (0, 1, 8), (4, 5, 6, 10)))
A4 (3, 3, 5) tested 26 best (np.float64(2.844168481567726), ((0, 1, 4), (0, 1, 4), (5, 7, 9, 10, 11)))
A4 (3, 3, 6) tested 13 best (np.float64(2.794496662520089), ((0, 1, 3), (0, 1, 3), (5, 6, 7, 8, 10, 11)))
A4 (3, 3, 7) tested 4 best (np.float64(2.4574271827921947), ((0, 1, 2), (0, 1, 2), (3, 4, 5, 6, 7, 8, 9)))
A4 (3, 3, 8) tested 2 best (np.float64(2.4574271275661665), ((0, 1, 2), (0, 1, 2), (3, 4, 5, 6, 7, 8, 9, 10)))
A4 (3, 3, 9) tested 1 best (np.float64(2.4574271168180903), ((0, 1, 2), (0, 1, 2), (3, 4, 5, 6, 7, 8, 9, 10, 11)))
A4 (3, 4, 4) tested 27 best (np.float64(2.870800751560103), ((0, 1, 3), (0, 1, 3, 11), (5, 6, 7, 10)))
A4 (3, 4, 5) tested 9 best (np.float64(2.777684594227063), ((0, 3, 8), (0, 1, 3, 8), (1, 5, 6, 7, 10)))
A4 (3, 4, 6) tested 5 best (np.float64(2.500000070762751), ((0, 1, 2), (0, 1, 3, 9), (6, 7, 8, 9, 10, 11)))
A4 (3, 4, 7) tested 1 best (np.float64(2.366025442984178), ((0, 3, 8), (0, 3, 8, 11), (1, 2, 4, 5, 6, 7, 9)))
A4 (3, 4, 8) tested 1 best (np.float64(2.3660254069686193), ((0, 3, 8), (0, 3, 8, 11), (1, 2, 4, 5, 6, 7, 9, 10)))
A4 (3, 5, 5) tested 2 best (np.float64(2.7832434586011088), ((0, 3, 8), (0, 1, 3, 8, 11), (1, 5, 6, 7, 10)))
A4 (3, 5, 6) tested 1 best (np.float64(2.5000000908396722), ((0, 1, 2), (0, 1, 2, 3, 6), (6, 7, 8, 9, 10, 11)))
A4 (3, 6, 6) tested 1 best (np.float64(2.5000000097735087), ((0, 1, 2), (0, 1, 2, 3, 6, 9), (6, 7, 8, 9, 10, 11)))
A4 (4, 4, 4) tested 8 best (np.float64(2.9384915803068603), ((0, 1, 3, 8), (0, 1, 3, 11), (5, 6, 7, 10)))
A4 (4, 4, 5) tested 3 best (np.float64(2.6801937549885593), ((0, 1, 3, 6), (0, 1, 3, 5), (5, 6, 7, 8, 11)))
A4 (4, 4, 6) tested 2 best (np.float64(2.3660254387342152), ((0, 3, 8, 11), (0, 3, 8, 11), (1, 2, 4, 5, 6, 10)))
A4 (4, 4, 7) tested 1 best (np.float64(2.3660254043787963), ((0, 3, 8, 11), (0, 3, 8, 11), (1, 2, 4, 5, 6, 7, 9)))
Dic3 (1, 1, 1) tested 4 best (np.float64(2.0641777751958377), ((0,), (0,), (2,)))
Dic3 (1, 1, 2) tested 12 best (np.float64(2.366025436725548), ((0,), (0,), (2, 4)))
Dic3 (1, 1, 3) tested 24 best (np.float64(2.457427128423432), ((0,), (0,), (3, 6, 9)))
Dic3 (1, 1, 4) tested 39 best (np.float64(2.490984780532625), ((0,), (0,), (2, 6, 8, 10)))
Dic3 (1, 1, 5) tested 50 best (np.float64(2.524695128071146), ((0,), (0,), (1, 2, 3, 4, 5)))
Dic3 (1, 1, 6) tested 50 best (np.float64(2.5331015820155125), ((0,), (0,), (1, 3, 4, 6, 7, 8)))
Dic3 (1, 1, 7) tested 39 best (np.float64(2.5448664447206304), ((0,), (0,), (1, 3, 4, 6, 7, 8, 10)))
Dic3 (1, 1, 8) tested 24 best (np.float64(2.5553140768676172), ((0,), (0,), (1, 3, 4, 6, 7, 8, 9, 10)))
Dic3 (1, 1, 9) tested 12 best (np.float64(2.563886278541748), ((0,), (0,), (1, 3, 4, 6, 7, 8, 9, 10, 11)))
Dic3 (1, 1, 10) tested 4 best (np.float64(2.5697790674887484), ((0,), (0,), (1, 2, 3, 5, 6, 7, 8, 9, 10, 11)))
Dic3 (1, 1, 11) tested 1 best (np.float64(2.5766108526522205), ((0,), (0,), (1, 2, 3, 4, 5, 6, 7, 8, 9, 10, 11)))
Dic3 (1, 2, 2) tested 29 best (np.float64(2.408394995363703), ((0,), (0, 1), (1, 3)))
Dic3 (1, 2, 3) tested 72 best (np.float64(2.564884938273482), ((0,), (0, 2), (1, 2, 5)))
Dic3 (1, 2, 4) tested 106 best (np.float64(2.5917949328879875), ((0,), (0, 2), (2, 6, 8, 10)))
Dic3 (1, 2, 5) tested 125 best (np.float64(2.6182582945757904), ((0,), (0, 6), (1, 2, 4, 5, 6)))
Dic3 (1, 2, 6) tested 108 best (np.float64(2.6570390594448354), ((0,), (0, 2), (1, 2, 5, 6, 7, 8)))
Dic3 (1, 2, 7) tested 73 best (np.float64(2.66344827439647), ((0,), (0, 2), (1, 2, 5, 6, 7, 8, 9)))
Dic3 (1, 2, 8) tested 36 best (np.float64(2.6666083366791264), ((0,), (0, 2), (1, 2, 3, 5, 6, 7, 8, 9)))
Dic3 (1, 2, 9) tested 11 best (np.float64(2.670664272403643), ((0,), (0, 2), (1, 2, 5, 6, 7, 8, 9, 10, 11)))
Dic3 (1, 2, 10) tested 4 best (np.float64(2.6743335204589664), ((0,), (0, 2), (1, 2, 3, 5, 6, 7, 8, 9, 10, 11)))
Dic3 (1, 3, 3) tested 89 best (np.float64(2.6388969387944914), ((0,), (0, 1, 3), (1, 2, 4)))
Dic3 (1, 3, 4) tested 189 best (np.float64(2.666594428612123), ((0,), (0, 2, 6), (1, 2, 5, 6)))
Dic3 (1, 3, 5) tested 183 best (np.float64(2.709931634148396), ((0,), (0, 1, 6), (1, 4, 6, 8, 10)))
Dic3 (1, 3, 6) tested 131 best (np.float64(2.7266885023076926), ((0,), (0, 1, 3), (1, 2, 4, 6, 7, 8)))
Dic3 (1, 3, 7) tested 65 best (np.float64(2.7288756235559624), ((0,), (0, 1, 3), (1, 2, 4, 6, 7, 8, 10)))
Dic3 (1, 3, 8) tested 23 best (np.float64(2.7310329116008236), ((0,), (0, 1, 3), (1, 2, 4, 6, 7, 8, 9, 10)))
Dic3 (1, 3, 9) tested 6 best (np.float64(2.7330957547551056), ((0,), (0, 1, 3), (1, 2, 4, 6, 7, 8, 9, 10, 11)))
Dic3 (1, 4, 4) tested 144 best (np.float64(2.7233592310616226), ((0,), (0, 1, 3, 6), (1, 2, 4, 6)))
Dic3 (1, 4, 5) tested 193 best (np.float64(2.756802003116957), ((0,), (0, 1, 2, 6), (1, 3, 7, 8, 11)))
Dic3 (1, 4, 6) tested 106 best (np.float64(2.7768590554533272), ((0,), (0, 1, 2, 6), (1, 2, 3, 7, 8, 10)))
Dic3 (1, 4, 7) tested 36 best (np.float64(2.7908390062645005), ((0,), (0, 1, 2, 6), (1, 2, 3, 7, 8, 10, 11)))
Dic3 (1, 4, 8) tested 12 best (np.float64(2.791050782369621), ((0,), (0, 1, 2, 6), (1, 2, 3, 6, 7, 8, 10, 11)))
Dic3 (1, 5, 5) tested 79 best (np.float64(2.781198741932871), ((0,), (0, 1, 2, 6, 7), (1, 3, 6, 8, 11)))
Dic3 (1, 5, 6) tested 46 best (np.float64(2.80015201074907), ((0,), (0, 1, 2, 6, 9), (1, 2, 3, 7, 8, 10)))
Dic3 (1, 5, 7) tested 13 best (np.float64(2.817204276747378), ((0,), (0, 1, 2, 6, 9), (1, 2, 3, 7, 8, 10, 11)))
Dic3 (1, 6, 6) tested 14 best (np.float64(2.8129465613478377), ((0,), (0, 1, 2, 6, 7, 9), (1, 2, 3, 7, 8, 11)))
Dic3 (2, 2, 2) tested 43 best (np.float64(2.5154543427227414), ((0, 1), (0, 2), (1, 6)))
Dic3 (2, 2, 3) tested 132 best (np.float64(2.6496942395976815), ((0, 6), (0, 6), (1, 4, 6)))
Dic3 (2, 2, 4) tested 155 best (np.float64(2.7041594799658606), ((0, 6), (0, 7), (1, 2, 3, 5)))
Dic3 (2, 2, 5) tested 150 best (np.float64(2.733122033397736), ((0, 6), (0, 7), (1, 2, 5, 6, 7)))
Dic3 (2, 2, 6) tested 103 best (np.float64(2.7583057783544787), ((0, 6), (0, 7), (1, 2, 3, 5, 6, 7)))
Dic3 (2, 2, 7) tested 52 best (np.float64(2.758305794019692), ((0, 6), (0, 7), (1, 2, 3, 6, 7, 8, 11)))
Dic3 (2, 2, 8) tested 21 best (np.float64(2.758305791796374), ((0, 6), (0, 7), (1, 2, 3, 5, 6, 7, 8, 11)))
Dic3 (2, 2, 9) tested 5 best (np.float64(2.68019377752211), ((0, 6), (0, 6), (1, 2, 4, 5, 6, 7, 8, 10, 11)))
Dic3 (2, 2, 10) tested 1 best (np.float64(2.5246951183670685), ((0, 3), (0, 3), (1, 2, 4, 5, 6, 7, 8, 9, 10, 11)))
Dic3 (2, 3, 3) tested 158 best (np.float64(2.752171796697208), ((0, 1), (0, 2, 6), (1, 7, 11)))
Dic3 (2, 3, 4) tested 242 best (np.float64(2.806468316179088), ((0, 2), (0, 1, 6), (1, 6, 7, 10)))
Dic3 (2, 3, 5) tested 154 best (np.float64(2.8594061643085573), ((0, 2), (0, 1, 6), (1, 2, 6, 7, 10)))
Dic3 (2, 3, 6) tested 77 best (np.float64(2.882170605126755), ((0, 2), (0, 1, 6), (1, 2, 6, 7, 8, 10)))
Dic3 (2, 3, 7) tested 19 best (np.float64(2.795270440485928), ((0, 6), (0, 2, 6), (1, 2, 5, 6, 8, 10, 11)))
Dic3 (2, 3, 8) tested 6 best (np.float64(2.687910460688392), ((0, 1), (0, 1, 2), (1, 2, 6, 7, 8, 9, 10, 11)))
Dic3 (2, 3, 9) tested 1 best (np.float64(2.4574271211728904), ((0, 2), (0, 2, 4), (1, 3, 5, 6, 7, 8, 9, 10, 11)))
Dic3 (2, 4, 4) tested 124 best (np.float64(2.841498230432711), ((0, 2), (0, 1, 2, 6), (1, 6, 7, 10)))
Dic3 (2, 4, 5) tested 85 best (np.float64(2.855510514727176), ((0, 2), (0, 1, 2, 6), (1, 6, 7, 8, 10)))
Dic3 (2, 4, 6) tested 36 best (np.float64(2.816673805752669), ((0, 6), (0, 1, 6, 8), (1, 2, 4, 6, 7, 10)))
Dic3 (2, 4, 7) tested 7 best (np.float64(2.7926608511019966), ((0, 2), (0, 2, 4, 6), (1, 3, 5, 6, 7, 8, 10)))
Dic3 (2, 4, 8) tested 3 best (np.float64(2.5917949255032573), ((0, 3), (0, 1, 3, 4), (1, 4, 6, 7, 8, 9, 10, 11)))
Dic3 (2, 5, 5) tested 18 best (np.float64(2.8560621850726853), ((0, 2), (0, 1, 2, 4, 6), (1, 6, 7, 8, 10)))
Dic3 (2, 5, 6) tested 7 best (np.float64(2.756547309036277), ((0, 6), (0, 1, 3, 6, 9), (1, 2, 4, 7, 10, 11)))
Dic3 (2, 6, 6) tested 5 best (np.float64(2.470588289067759), ((0, 3), (0, 1, 3, 4, 6, 9), (1, 4, 7, 8, 10, 11)))
Dic3 (3, 3, 3) tested 83 best (np.float64(2.8228757317539532), ((0, 1, 6), (0, 1, 8), (2, 7, 10)))
Dic3 (3, 3, 4) tested 116 best (np.float64(2.8664542030512625), ((0, 1, 6), (0, 2, 6), (1, 6, 8, 11)))
Dic3 (3, 3, 5) tested 54 best (np.float64(2.8712859511854436), ((0, 2, 6), (0, 2, 10), (3, 6, 8, 10, 11)))
Dic3 (3, 3, 6) tested 27 best (np.float64(2.8730048563130497), ((0, 2, 6), (0, 2, 10), (3, 5, 6, 8, 10, 11)))
Dic3 (3, 3, 7) tested 10 best (np.float64(2.7806728526544457), ((0, 1, 3), (0, 1, 3), (1, 6, 7, 8, 9, 10, 11)))
Dic3 (3, 3, 8) tested 3 best (np.float64(2.4574271233311453), ((0, 2, 4), (0, 2, 4), (1, 3, 5, 6, 7, 8, 9, 10)))
Dic3 (3, 3, 9) tested 1 best (np.float64(2.4574271168180912), ((0, 2, 4), (0, 2, 4), (1, 3, 5, 6, 7, 8, 9, 10, 11)))
Dic3 (3, 4, 4) tested 58 best (np.float64(2.915488902334837), ((0, 1, 6), (0, 1, 7, 11), (1, 3, 6, 7)))
Dic3 (3, 4, 5) tested 21 best (np.float64(2.6852736485815996), ((0, 3, 6), (0, 1, 3, 6), (1, 4, 7, 10, 11)))
Dic3 (3, 4, 6) tested 14 best (np.float64(2.3660254645172607), ((0, 3, 6), (0, 3, 6, 9), (1, 2, 4, 7, 8, 10)))
Dic3 (3, 4, 7) tested 1 best (np.float64(2.366025436913782), ((0, 3, 6), (0, 3, 6, 9), (1, 2, 4, 5, 7, 8, 10)))
Dic3 (3, 4, 8) tested 1 best (np.float64(2.3660254069686513), ((0, 3, 6), (0, 3, 6, 9), (1, 2, 4, 5, 7, 8, 10, 11)))
Dic3 (3, 5, 5) tested 6 best (np.float64(2.6859111945652687), ((0, 3, 6), (0, 1, 3, 6, 9), (1, 4, 7, 10, 11)))
Dic3 (3, 5, 6) tested 4 best (np.float64(2.3333333952853597), ((0, 2, 4), (0, 2, 4, 6, 8), (1, 3, 5, 6, 8, 10)))
Dic3 (3, 6, 6) tested 4 best (np.float64(2.333333359730287), ((0, 2, 4), (0, 2, 4, 6, 8, 10), (1, 3, 5, 6, 8, 10)))
HIT Dic3 ((0, 1, 6, 8), (0, 1, 7, 11), (1, 3, 6, 7)) 3.000000002791286
Dic3 (4, 4, 4) tested 23 best (np.float64(3.000000002791286), ((0, 1, 6, 8), (0, 1, 7, 11), (1, 3, 6, 7)))
Dic3 (4, 4, 5) tested 11 best (np.float64(2.667160922690566), ((0, 2, 4, 6), (0, 2, 4, 6), (1, 5, 6, 8, 10)))
Dic3 (4, 4, 6) tested 10 best (np.float64(2.3660254639124645), ((0, 3, 6, 9), (0, 3, 6, 9), (1, 2, 4, 7, 8, 10)))
Dic3 (4, 4, 7) tested 1 best (np.float64(2.3660254045120324), ((0, 3, 6, 9), (0, 3, 6, 9), (1, 2, 4, 5, 7, 8, 10)))
Dic3 (4, 5, 5) tested 3 best (np.float64(2.0000000120823733), ((0, 1, 3, 4), (0, 1, 2, 3, 4), (6, 7, 8, 9, 10)))
Dic3 (4, 5, 6) tested 3 best (np.float64(2.0000000212359477), ((0, 1, 3, 4), (0, 1, 2, 3, 4), (6, 7, 8, 9, 10, 11)))
Dic3 (5, 5, 5) tested 1 best (np.float64(2.0000000544859367), ((0, 1, 2, 3, 4), (0, 1, 2, 3, 4), (6, 7, 8, 9, 10)))
